<html>
<body>
<pre>
<h1>µVision Build Log</h1>
<h2>Tool Versions:</h2>
IDE-Version: ¦ÌVision V5.36.0.0
Copyright (C) 2021 ARM Ltd and ARM Germany GmbH. All rights reserved.
License Information: 1 23, 31, LIC=BUURY-I6KH5-HLXCL-0YS4Q-LY2SD-Y1VK7
 
Tool Versions:
Toolchain:       MDK-ARM Plus  Version: 5.36.0.0
Toolchain Path:  D:\keilv5\ARM\ARMCC\Bin
C Compiler:      Armcc.exe V5.06 update 7 (build 960)
Assembler:       Armasm.exe V5.06 update 7 (build 960)
Linker/Locator:  ArmLink.exe V5.06 update 7 (build 960)
Library Manager: ArmAr.exe V5.06 update 7 (build 960)
Hex Converter:   FromElf.exe V5.06 update 7 (build 960)
CPU DLL:         SARMCM3.DLL V5.36.0.0
Dialog DLL:      DCM.DLL V1.17.3.0
Target DLL:      Segger\JL2CM3.dll V2.99.40.0
Dialog DLL:      TCM.DLL V1.53.0.0
 
<h2>Project:</h2>
C:\Users\Sire1\Desktop\µç×°ÊµÏ°\CEJU\CEJU\MDK-ARM\CEJU.uvprojx
Project File Date:  04/14/2024

<h2>Output:</h2>
*** Using Compiler 'V5.06 update 7 (build 960)', folder: 'D:\keilv5\ARM\ARMCC\Bin'
Build target 'CEJU'
compiling main.c...
../Core/Src/main.c(320): warning:  #223-D: function "abs" declared implicitly
  		OLED_Show_int(0,4,abs(a-99));
../Core/Src/main.c(462): warning:  #1035-D: single-precision operand implicitly converted to double-precision
  		TIM5->ARR=(int)(1000000.0/(freq*3))-1;//3±¶Æµ
../Core/Src/main.c(482): warning:  #188-D: enumerated type mixed with another type
  			HAL_GPIO_WritePin(GPIOC,GPIO_PIN_14,0);
../Core/Src/main.c(494): warning:  #188-D: enumerated type mixed with another type
  		  HAL_GPIO_WritePin(GPIOC,GPIO_PIN_14,1);
../Core/Src/main.c(499): warning:  #188-D: enumerated type mixed with another type
  			HAL_GPIO_WritePin(GPIOC,GPIO_PIN_14,0);HAL_Delay(200);
../Core/Src/main.c(500): warning:  #188-D: enumerated type mixed with another type
  		  HAL_GPIO_WritePin(GPIOC,GPIO_PIN_14,1);HAL_Delay(300);
../Core/Src/main.c(501): warning:  #188-D: enumerated type mixed with another type
  			HAL_GPIO_WritePin(GPIOC,GPIO_PIN_14,0);HAL_Delay(200);
../Core/Src/main.c(502): warning:  #188-D: enumerated type mixed with another type
  		  HAL_GPIO_WritePin(GPIOC,GPIO_PIN_14,1);HAL_Delay(300);}
../Core/Src/main.c(505): warning:  #188-D: enumerated type mixed with another type
  			HAL_GPIO_WritePin(GPIOC,GPIO_PIN_14,0);HAL_Delay(100);
../Core/Src/main.c(506): warning:  #188-D: enumerated type mixed with another type
  		  HAL_GPIO_WritePin(GPIOC,GPIO_PIN_14,1);HAL_Delay(150);
../Core/Src/main.c(507): warning:  #188-D: enumerated type mixed with another type
  			HAL_GPIO_WritePin(GPIOC,GPIO_PIN_14,0);HAL_Delay(100);
../Core/Src/main.c(508): warning:  #188-D: enumerated type mixed with another type
  		  HAL_GPIO_WritePin(GPIOC,GPIO_PIN_14,1);HAL_Delay(150);}
../Core/Src/main.c(530): warning:  #188-D: enumerated type mixed with another type
  			TIM4->CCR3=0;TIM4->CCR4=0;HAL_GPIO_WritePin(GPIOC,GPIO_PIN_14,0);
../Core/Src/main.c(531): warning:  #188-D: enumerated type mixed with another type
  			HAL_Delay(250);HAL_GPIO_WritePin(GPIOC,GPIO_PIN_14,1);HAL_Delay(250);HAL_GPIO_WritePin(GPIOC,GPIO_PIN_14,0);HAL_Delay(250);HAL_GPIO_WritePin(GPIOC,GPIO_PIN_14,1);HAL_Delay(250);
../Core/Src/main.c(531): warning:  #188-D: enumerated type mixed with another type
  			HAL_Delay(250);HAL_GPIO_WritePin(GPIOC,GPIO_PIN_14,1);HAL_Delay(250);HAL_GPIO_WritePin(GPIOC,GPIO_PIN_14,0);HAL_Delay(250);HAL_GPIO_WritePin(GPIOC,GPIO_PIN_14,1);HAL_Delay(250);
../Core/Src/main.c(531): warning:  #188-D: enumerated type mixed with another type
  			HAL_Delay(250);HAL_GPIO_WritePin(GPIOC,GPIO_PIN_14,1);HAL_Delay(250);HAL_GPIO_WritePin(GPIOC,GPIO_PIN_14,0);HAL_Delay(250);HAL_GPIO_WritePin(GPIOC,GPIO_PIN_14,1);HAL_Delay(250);
../Core/Src/main.c(665): warning:  #188-D: enumerated type mixed with another type
  							HAL_GPIO_WritePin(GPIOA,GPIO_PIN_8,0);
../Core/Src/main.c(671): warning:  #188-D: enumerated type mixed with another type
  							HAL_GPIO_WritePin(GPIOB,GPIO_PIN_8,0);
../Core/Src/main.c(677): warning:  #188-D: enumerated type mixed with another type
  							HAL_GPIO_WritePin(GPIOC,GPIO_PIN_14,0);
../Core/Src/main.c: 19 warnings, 0 errors
linking...
Program Size: Code=20748 RO-data=1988 RW-data=2348 ZI-data=1772  
FromELF: creating hex file...
"CEJU\CEJU.axf" - 0 Error(s), 19 Warning(s).

<h2>Software Packages used:</h2>

Package Vendor: ARM
                http://www.keil.com/pack/ARM.CMSIS.5.8.0.pack
                ARM.CMSIS.5.8.0
                CMSIS (Common Microcontroller Software Interface Standard)
   * Component: CORE Version: 5.5.0

Package Vendor: Keil
                http://www.keil.com/pack/Keil.STM32F4xx_DFP.2.15.0.pack
                Keil.STM32F4xx_DFP.2.15.0
                STMicroelectronics STM32F4 Series Device Support, Drivers and Examples

<h2>Collection of Component include folders:</h2>
  .\RTE\_CEJU
  E:\keilPacks\ARM\CMSIS\5.8.0\CMSIS\Core\Include
  E:\keilPacks\Keil\STM32F4xx_DFP\2.15.0\Drivers\CMSIS\Device\ST\STM32F4xx\Include

<h2>Collection of Component Files used:</h2>

   * Component: ARM::CMSIS:CORE:5.5.0
      Include file:  CMSIS\Core\Include\tz_context.h
Build Time Elapsed:  00:00:01
</pre>
</body>
</html>
