Component: ARM Compiler 5.06 update 7 (build 960) Tool: armlink [4d3601]

==============================================================================

Section Cross References

    startup_stm32f401xc.o(RESET) refers to startup_stm32f401xc.o(STACK) for __initial_sp
    startup_stm32f401xc.o(RESET) refers to startup_stm32f401xc.o(.text) for Reset_Handler
    startup_stm32f401xc.o(RESET) refers to stm32f4xx_it.o(i.NMI_Handler) for NMI_Handler
    startup_stm32f401xc.o(RESET) refers to stm32f4xx_it.o(i.HardFault_Handler) for HardFault_Handler
    startup_stm32f401xc.o(RESET) refers to stm32f4xx_it.o(i.MemManage_Handler) for MemManage_Handler
    startup_stm32f401xc.o(RESET) refers to stm32f4xx_it.o(i.BusFault_Handler) for BusFault_Handler
    startup_stm32f401xc.o(RESET) refers to stm32f4xx_it.o(i.UsageFault_Handler) for UsageFault_Handler
    startup_stm32f401xc.o(RESET) refers to stm32f4xx_it.o(i.SVC_Handler) for SVC_Handler
    startup_stm32f401xc.o(RESET) refers to stm32f4xx_it.o(i.DebugMon_Handler) for DebugMon_Handler
    startup_stm32f401xc.o(RESET) refers to stm32f4xx_it.o(i.PendSV_Handler) for PendSV_Handler
    startup_stm32f401xc.o(RESET) refers to stm32f4xx_it.o(i.SysTick_Handler) for SysTick_Handler
    startup_stm32f401xc.o(RESET) refers to stm32f4xx_it.o(i.EXTI1_IRQHandler) for EXTI1_IRQHandler
    startup_stm32f401xc.o(RESET) refers to stm32f4xx_it.o(i.EXTI9_5_IRQHandler) for EXTI9_5_IRQHandler
    startup_stm32f401xc.o(RESET) refers to stm32f4xx_it.o(i.TIM2_IRQHandler) for TIM2_IRQHandler
    startup_stm32f401xc.o(RESET) refers to stm32f4xx_it.o(i.TIM4_IRQHandler) for TIM4_IRQHandler
    startup_stm32f401xc.o(RESET) refers to stm32f4xx_it.o(i.USART1_IRQHandler) for USART1_IRQHandler
    startup_stm32f401xc.o(RESET) refers to stm32f4xx_it.o(i.EXTI15_10_IRQHandler) for EXTI15_10_IRQHandler
    startup_stm32f401xc.o(RESET) refers to stm32f4xx_it.o(i.DMA2_Stream2_IRQHandler) for DMA2_Stream2_IRQHandler
    startup_stm32f401xc.o(RESET) refers to stm32f4xx_it.o(i.DMA2_Stream7_IRQHandler) for DMA2_Stream7_IRQHandler
    startup_stm32f401xc.o(.text) refers to system_stm32f4xx.o(i.SystemInit) for SystemInit
    startup_stm32f401xc.o(.text) refers to entry.o(.ARM.Collect$$$$00000000) for __main
    oled.o(i.OLED_Clear) refers to oled.o(i.OLED_WR_Byte) for OLED_WR_Byte
    oled.o(i.OLED_Display_Off) refers to oled.o(i.OLED_WR_Byte) for OLED_WR_Byte
    oled.o(i.OLED_Display_On) refers to oled.o(i.OLED_WR_Byte) for OLED_WR_Byte
    oled.o(i.OLED_DrawBMP) refers to oled.o(i.OLED_Set_Pos) for OLED_Set_Pos
    oled.o(i.OLED_DrawBMP) refers to oled.o(i.OLED_WR_Byte) for OLED_WR_Byte
    oled.o(i.OLED_Fill) refers to oled.o(i.OLED_WR_Byte) for OLED_WR_Byte
    oled.o(i.OLED_Init) refers to stm32f4xx_hal_gpio.o(i.HAL_GPIO_WritePin) for HAL_GPIO_WritePin
    oled.o(i.OLED_Init) refers to stm32f4xx_hal.o(i.HAL_Delay) for HAL_Delay
    oled.o(i.OLED_Init) refers to oled.o(i.OLED_WR_Byte) for OLED_WR_Byte
    oled.o(i.OLED_Init) refers to oled.o(i.OLED_Clear) for OLED_Clear
    oled.o(i.OLED_Init) refers to oled.o(i.OLED_Set_Pos) for OLED_Set_Pos
    oled.o(i.OLED_Set_Pos) refers to oled.o(i.OLED_WR_Byte) for OLED_WR_Byte
    oled.o(i.OLED_ShowCHinese) refers to oled.o(i.OLED_Set_Pos) for OLED_Set_Pos
    oled.o(i.OLED_ShowCHinese) refers to oled.o(i.OLED_WR_Byte) for OLED_WR_Byte
    oled.o(i.OLED_ShowCHinese) refers to oled.o(.data) for .data
    oled.o(i.OLED_ShowChar) refers to oled.o(i.OLED_Set_Pos) for OLED_Set_Pos
    oled.o(i.OLED_ShowChar) refers to oled.o(i.OLED_WR_Byte) for OLED_WR_Byte
    oled.o(i.OLED_ShowChar) refers to oled.o(.constdata) for .constdata
    oled.o(i.OLED_ShowNum) refers to oled.o(i.oled_pow) for oled_pow
    oled.o(i.OLED_ShowNum) refers to oled.o(i.OLED_ShowChar) for OLED_ShowChar
    oled.o(i.OLED_ShowString) refers to oled.o(i.OLED_ShowChar) for OLED_ShowChar
    oled.o(i.OLED_Show_double) refers to memseta.o(.text) for __aeabi_memclr4
    oled.o(i.OLED_Show_double) refers to printfa.o(i.__0sprintf) for __2sprintf
    oled.o(i.OLED_Show_double) refers to oled.o(i.OLED_ShowString) for OLED_ShowString
    oled.o(i.OLED_Show_float) refers to memseta.o(.text) for __aeabi_memclr4
    oled.o(i.OLED_Show_float) refers to f2d.o(.text) for __aeabi_f2d
    oled.o(i.OLED_Show_float) refers to printfa.o(i.__0sprintf) for __2sprintf
    oled.o(i.OLED_Show_float) refers to oled.o(i.OLED_ShowString) for OLED_ShowString
    oled.o(i.OLED_Show_int) refers to memseta.o(.text) for __aeabi_memclr4
    oled.o(i.OLED_Show_int) refers to printfa.o(i.__0sprintf) for __2sprintf
    oled.o(i.OLED_Show_int) refers to oled.o(i.OLED_ShowString) for OLED_ShowString
    oled.o(i.OLED_WR_Byte) refers to stm32f4xx_hal_gpio.o(i.HAL_GPIO_WritePin) for HAL_GPIO_WritePin
    main.o(i.HAL_TIM_IC_CaptureCallback) refers to tim.o(.bss) for htim2
    main.o(i.HAL_TIM_IC_CaptureCallback) refers to main.o(.data) for .data
    main.o(i.HAL_TIM_PeriodElapsedCallback) refers to tim.o(.bss) for htim4
[...]
    ../Drivers/STM32F4xx_HAL_Driver/Src/stm32f4xx_ll_adc.c 0x00000000   Number         0  stm32f4xx_ll_adc.o ABSOLUTE
    ../clib/../cmprslib/lz77c.c              0x00000000   Number         0  __dclz77c.o ABSOLUTE
    ../clib/microlib/division.c              0x00000000   Number         0  uldiv.o ABSOLUTE
    ../clib/microlib/division.c              0x00000000   Number         0  uidiv.o ABSOLUTE
    ../clib/microlib/init/entry.s            0x00000000   Number         0  entry5.o ABSOLUTE
    ../clib/microlib/init/entry.s            0x00000000   Number         0  entry2.o ABSOLUTE
    ../clib/microlib/init/entry.s            0x00000000   Number         0  entry7b.o ABSOLUTE
    ../clib/microlib/init/entry.s            0x00000000   Number         0  entry8a.o ABSOLUTE
    ../clib/microlib/init/entry.s            0x00000000   Number         0  entry8b.o ABSOLUTE
    ../clib/microlib/init/entry.s            0x00000000   Number         0  entry9a.o ABSOLUTE
    ../clib/microlib/init/entry.s            0x00000000   Number         0  entry9b.o ABSOLUTE
    ../clib/microlib/init/entry.s            0x00000000   Number         0  entry10a.o ABSOLUTE
    ../clib/microlib/init/entry.s            0x00000000   Number         0  entry10b.o ABSOLUTE
    ../clib/microlib/init/entry.s            0x00000000   Number         0  entry11a.o ABSOLUTE
    ../clib/microlib/init/entry.s            0x00000000   Number         0  entry12b.o ABSOLUTE
    ../clib/microlib/init/entry.s            0x00000000   Number         0  entry12a.o ABSOLUTE
    ../clib/microlib/init/entry.s            0x00000000   Number         0  entry11b.o ABSOLUTE
    ../clib/microlib/init/entry.s            0x00000000   Number         0  entry7a.o ABSOLUTE
    ../clib/microlib/init/entry.s            0x00000000   Number         0  entry.o ABSOLUTE
    ../clib/microlib/longlong.c              0x00000000   Number         0  llshl.o ABSOLUTE
    ../clib/microlib/longlong.c              0x00000000   Number         0  llsshr.o ABSOLUTE
    ../clib/microlib/longlong.c              0x00000000   Number         0  llushr.o ABSOLUTE
    ../clib/microlib/printf/printf.c         0x00000000   Number         0  printf8.o ABSOLUTE
    ../clib/microlib/printf/printf.c         0x00000000   Number         0  printf7.o ABSOLUTE
    ../clib/microlib/printf/printf.c         0x00000000   Number         0  printf2.o ABSOLUTE
    ../clib/microlib/printf/printf.c         0x00000000   Number         0  printf5.o ABSOLUTE
    ../clib/microlib/printf/printf.c         0x00000000   Number         0  printf6.o ABSOLUTE
    ../clib/microlib/printf/printf.c         0x00000000   Number         0  printf3.o ABSOLUTE
    ../clib/microlib/printf/printf.c         0x00000000   Number         0  printf1.o ABSOLUTE
    ../clib/microlib/printf/printf.c         0x00000000   Number         0  printf0.o ABSOLUTE
    ../clib/microlib/printf/printf.c         0x00000000   Number         0  printfb.o ABSOLUTE
    ../clib/microlib/printf/printf.c         0x00000000   Number         0  printf4.o ABSOLUTE
    ../clib/microlib/printf/printf.c         0x00000000   Number         0  printfa.o ABSOLUTE
    ../clib/microlib/printf/stubs.s          0x00000000   Number         0  stubs.o ABSOLUTE
    ../clib/microlib/stdio/streams.c         0x00000000   Number         0  stdout.o ABSOLUTE
    ../clib/microlib/string/memset.c         0x00000000   Number         0  memseta.o ABSOLUTE
    ../clib/microlib/stubs.s                 0x00000000   Number         0  iusefp.o ABSOLUTE
    ../fplib/microlib/f2d.c                  0x00000000   Number         0  f2d.o ABSOLUTE
    ../fplib/microlib/fpadd.c                0x00000000   Number         0  dadd.o ABSOLUTE
    ../fplib/microlib/fpdiv.c                0x00000000   Number         0  ddiv.o ABSOLUTE
    ../fplib/microlib/fpepilogue.c           0x00000000   Number         0  depilogue.o ABSOLUTE
    ../fplib/microlib/fpfix.c                0x00000000   Number         0  dfixul.o ABSOLUTE
    ../fplib/microlib/fpfix.c                0x00000000   Number         0  dfixi.o ABSOLUTE
    ../fplib/microlib/fpflt.c                0x00000000   Number         0  dflti.o ABSOLUTE
    ../fplib/microlib/fpmul.c                0x00000000   Number         0  dmul.o ABSOLUTE
    ..\Core\Src\adc.c                        0x00000000   Number         0  adc.o ABSOLUTE
    ..\Core\Src\dma.c                        0x00000000   Number         0  dma.o ABSOLUTE
    ..\Core\Src\gpio.c                       0x00000000   Number         0  gpio.o ABSOLUTE
    ..\Core\Src\main.c                       0x00000000   Number         0  main.o ABSOLUTE
    ..\Core\Src\music.c                      0x00000000   Number         0  music.o ABSOLUTE
    ..\Core\Src\oled.c                       0x00000000   Number         0  oled.o ABSOLUTE
    ..\Core\Src\stm32f4xx_hal_msp.c          0x00000000   Number         0  stm32f4xx_hal_msp.o ABSOLUTE
    ..\Core\Src\stm32f4xx_it.c               0x00000000   Number         0  stm32f4xx_it.o ABSOLUTE
    ..\Core\Src\system_stm32f4xx.c           0x00000000   Number         0  system_stm32f4xx.o ABSOLUTE
    ..\Core\Src\tim.c                        0x00000000   Number         0  tim.o ABSOLUTE
    ..\Core\Src\usart.c                      0x00000000   Number         0  usart.o ABSOLUTE
    ..\Drivers\STM32F4xx_HAL_Driver\Src\stm32f4xx_hal.c 0x00000000   Number         0  stm32f4xx_hal.o ABSOLUTE
    ..\Drivers\STM32F4xx_HAL_Driver\Src\stm32f4xx_hal_adc.c 0x00000000   Number         0  stm32f4xx_hal_adc.o ABSOLUTE
    ..\Drivers\STM32F4xx_HAL_Driver\Src\stm32f4xx_hal_adc_ex.c 0x00000000   Number         0  stm32f4xx_hal_adc_ex.o ABSOLUTE
    ..\Drivers\STM32F4xx_HAL_Driver\Src\stm32f4xx_hal_cortex.c 0x00000000   Number         0  stm32f4xx_hal_cortex.o ABSOLUTE
    ..\Drivers\STM32F4xx_HAL_Driver\Src\stm32f4xx_hal_dma.c 0x00000000   Number         0  stm32f4xx_hal_dma.o ABSOLUTE
    ..\Drivers\STM32F4xx_HAL_Driver\Src\stm32f4xx_hal_dma_ex.c 0x00000000   Number         0  stm32f4xx_hal_dma_ex.o ABSOLUTE
    ..\Drivers\STM32F4xx_HAL_Driver\Src\stm32f4xx_hal_exti.c 0x00000000   Number         0  stm32f4xx_hal_exti.o ABSOLUTE
    ..\Drivers\STM32F4xx_HAL_Driver\Src\stm32f4xx_hal_flash.c 0x00000000   Number         0  stm32f4xx_hal_flash.o ABSOLUTE
    ..\Drivers\STM32F4xx_HAL_Driver\Src\stm32f4xx_hal_flash_ex.c 0x00000000   Number         0  stm32f4xx_hal_flash_ex.o ABSOLUTE
    ..\Drivers\STM32F4xx_HAL_Driver\Src\stm32f4xx_hal_flash_ramfunc.c 0x00000000   Number         0  stm32f4xx_hal_flash_ramfunc.o ABSOLUTE
    ..\Drivers\STM32F4xx_HAL_Driver\Src\stm32f4xx_hal_gpio.c 0x00000000   Number         0  stm32f4xx_hal_gpio.o ABSOLUTE
    ..\Drivers\STM32F4xx_HAL_Driver\Src\stm32f4xx_hal_pwr.c 0x00000000   Number         0  stm32f4xx_hal_pwr.o ABSOLUTE
    ..\Drivers\STM32F4xx_HAL_Driver\Src\stm32f4xx_hal_pwr_ex.c 0x00000000   Number         0  stm32f4xx_hal_pwr_ex.o ABSOLUTE
    ..\Drivers\STM32F4xx_HAL_Driver\Src\stm32f4xx_hal_rcc.c 0x00000000   Number         0  stm32f4xx_hal_rcc.o ABSOLUTE
    ..\Drivers\STM32F4xx_HAL_Driver\Src\stm32f4xx_hal_rcc_ex.c 0x00000000   Number         0  stm32f4xx_hal_rcc_ex.o ABSOLUTE
    ..\Drivers\STM32F4xx_HAL_Driver\Src\stm32f4xx_hal_tim.c 0x00000000   Number         0  stm32f4xx_hal_tim.o ABSOLUTE
    ..\Drivers\STM32F4xx_HAL_Driver\Src\stm32f4xx_hal_tim_ex.c 0x00000000   Number         0  stm32f4xx_hal_tim_ex.o ABSOLUTE
    ..\Drivers\STM32F4xx_HAL_Driver\Src\stm32f4xx_hal_uart.c 0x00000000   Number         0  stm32f4xx_hal_uart.o ABSOLUTE
    ..\\Core\\Src\\music.c                   0x00000000   Number         0  music.o ABSOLUTE
    ..\\Core\\Src\\oled.c                    0x00000000   Number         0  oled.o ABSOLUTE
    cdrcmple.s                               0x00000000   Number         0  cdrcmple.o ABSOLUTE
    dc.s                                     0x00000000   Number         0  dc.o ABSOLUTE
    handlers.s                               0x00000000   Number         0  handlers.o ABSOLUTE
    init.s                                   0x00000000   Number         0  init.o ABSOLUTE
    startup_stm32f401xc.s                    0x00000000   Number         0  startup_stm32f401xc.o ABSOLUTE
    RESET                                    0x08000000   Section      404  startup_stm32f401xc.o(RESET)
    .ARM.Collect$$$$00000000                 0x08000194   Section        0  entry.o(.ARM.Collect$$$$00000000)
    .ARM.Collect$$$$00000001                 0x08000194   Section        4  entry2.o(.ARM.Collect$$$$00000001)
    .ARM.Collect$$$$00000004                 0x08000198   Section        4  entry5.o(.ARM.Collect$$$$00000004)
    .ARM.Collect$$$$00000008                 0x0800019c   Section        0  entry7b.o(.ARM.Collect$$$$00000008)
    .ARM.Collect$$$$0000000A                 0x0800019c   Section        0  entry8b.o(.ARM.Collect$$$$0000000A)
    .ARM.Collect$$$$0000000B                 0x0800019c   Section        8  entry9a.o(.ARM.Collect$$$$0000000B)
    .ARM.Collect$$$$0000000E                 0x080001a4   Section        4  entry12b.o(.ARM.Collect$$$$0000000E)
    .ARM.Collect$$$$0000000F                 0x080001a8   Section        0  entry10a.o(.ARM.Collect$$$$0000000F)
    .ARM.Collect$$$$00000011                 0x080001a8   Section        0  entry11a.o(.ARM.Collect$$$$00000011)
    .ARM.Collect$$$$00002712                 0x080001a8   Section        4  entry2.o(.ARM.Collect$$$$00002712)
    __lit__00000000                          0x080001a8   Data           4  entry2.o(.ARM.Collect$$$$00002712)
    .text                                    0x080001ac   Section       36  startup_stm32f401xc.o(.text)
    $v0                                      0x080001ac   Number         0  startup_stm32f401xc.o(.text)
    .text                                    0x080001d0   Section        0  uldiv.o(.text)
    .text                                    0x08000232   Section        0  memseta.o(.text)
    .text                                    0x08000256   Section        0  ddiv.o(.text)
    .text                                    0x08000334   Section        0  dflti.o(.text)
    .text                                    0x08000356   Section        0  dfixi.o(.text)
    .text                                    0x08000394   Section        0  f2d.o(.text)
    .text                                    0x080003ba   Section        0  uidiv.o(.text)
    .text                                    0x080003e6   Section        0  llshl.o(.text)
    .text                                    0x08000404   Section        0  llushr.o(.text)
    .text                                    0x08000424   Section        0  iusefp.o(.text)
    .text                                    0x08000424   Section        0  depilogue.o(.text)
    .text                                    0x080004de   Section        0  dadd.o(.text)
    .text                                    0x0800062c   Section        0  dmul.o(.text)
    .text                                    0x08000710   Section        0  dfixul.o(.text)
    .text                                    0x08000740   Section       48  cdrcmple.o(.text)
    .text                                    0x08000770   Section       36  init.o(.text)
    .text                                    0x08000794   Section        0  llsshr.o(.text)
    .text                                    0x080007b8   Section        0  __dclz77c.o(.text)
    i.ADC_Init                               0x08000818   Section        0  stm32f4xx_hal_adc.o(i.ADC_Init)
    ADC_Init                                 0x08000819   Thumb Code   284  stm32f4xx_hal_adc.o(i.ADC_Init)
    i.BusFault_Handler                       0x08000940   Section        0  stm32f4xx_it.o(i.BusFault_Handler)
    i.DMA2_Stream2_IRQHandler                0x08000944   Section        0  stm32f4xx_it.o(i.DMA2_Stream2_IRQHandler)
    i.DMA2_Stream7_IRQHandler                0x08000950   Section        0  stm32f4xx_it.o(i.DMA2_Stream7_IRQHandler)
    i.DMA_CalcBaseAndBitshift                0x0800095c   Section        0  stm32f4xx_hal_dma.o(i.DMA_CalcBaseAndBitshift)
    DMA_CalcBaseAndBitshift                  0x0800095d   Thumb Code    34  stm32f4xx_hal_dma.o(i.DMA_CalcBaseAndBitshift)
    i.DMA_CheckFifoParam                     0x08000984   Section        0  stm32f4xx_hal_dma.o(i.DMA_CheckFifoParam)
    DMA_CheckFifoParam                       0x08000985   Thumb Code    84  stm32f4xx_hal_dma.o(i.DMA_CheckFifoParam)
    i.DMA_SetConfig                          0x080009d8   Section        0  stm32f4xx_hal_dma.o(i.DMA_SetConfig)
    DMA_SetConfig                            0x080009d9   Thumb Code    40  stm32f4xx_hal_dma.o(i.DMA_SetConfig)
    i.DebugMon_Handler                       0x08000a00   Section        0  stm32f4xx_it.o(i.DebugMon_Handler)
    i.EXTI15_10_IRQHandler                   0x08000a02   Section        0  stm32f4xx_it.o(i.EXTI15_10_IRQHandler)
    i.EXTI1_IRQHandler                       0x08000a28   Section        0  stm32f4xx_it.o(i.EXTI1_IRQHandler)
    i.EXTI9_5_IRQHandler                     0x08000a4c   Section        0  stm32f4xx_it.o(i.EXTI9_5_IRQHandler)
    i.Error_Handler                          0x08000a7c   Section        0  main.o(i.Error_Handler)
    i.HAL_ADC_ConfigChannel                  0x08000a80   Section        0  stm32f4xx_hal_adc.o(i.HAL_ADC_ConfigChannel)
    i.HAL_ADC_GetValue                       0x08000bcc   Section        0  stm32f4xx_hal_adc.o(i.HAL_ADC_GetValue)
    i.HAL_ADC_Init                           0x08000bd2   Section        0  stm32f4xx_hal_adc.o(i.HAL_ADC_Init)
    i.HAL_ADC_MspInit                        0x08000c28   Section        0  adc.o(i.HAL_ADC_MspInit)
    i.HAL_ADC_PollForConversion              0x08000c88   Section        0  stm32f4xx_hal_adc.o(i.HAL_ADC_PollForConversion)
    i.HAL_ADC_Start                          0x08000d34   Section        0  stm32f4xx_hal_adc.o(i.HAL_ADC_Start)
    i.HAL_ADC_Stop                           0x08000e00   Section        0  stm32f4xx_hal_adc.o(i.HAL_ADC_Stop)
    i.HAL_DMA_Abort                          0x08000e3c   Section        0  stm32f4xx_hal_dma.o(i.HAL_DMA_Abort)
    i.HAL_DMA_Abort_IT                       0x08000ece   Section        0  stm32f4xx_hal_dma.o(i.HAL_DMA_Abort_IT)
    i.HAL_DMA_IRQHandler                     0x08000ef4   Section        0  stm32f4xx_hal_dma.o(i.HAL_DMA_IRQHandler)
    i.HAL_DMA_Init                           0x08001094   Section        0  stm32f4xx_hal_dma.o(i.HAL_DMA_Init)
    i.HAL_DMA_Start_IT                       0x08001168   Section        0  stm32f4xx_hal_dma.o(i.HAL_DMA_Start_IT)
    i.HAL_Delay                              0x080011d8   Section        0  stm32f4xx_hal.o(i.HAL_Delay)
    i.HAL_GPIO_EXTI_Callback                 0x080011fc   Section        0  stm32f4xx_hal_gpio.o(i.HAL_GPIO_EXTI_Callback)
    i.HAL_GPIO_EXTI_IRQHandler               0x08001200   Section        0  stm32f4xx_hal_gpio.o(i.HAL_GPIO_EXTI_IRQHandler)
    i.HAL_GPIO_Init                          0x08001218   Section        0  stm32f4xx_hal_gpio.o(i.HAL_GPIO_Init)
    i.HAL_GPIO_ReadPin                       0x080013f8   Section        0  stm32f4xx_hal_gpio.o(i.HAL_GPIO_ReadPin)
    i.HAL_GPIO_TogglePin                     0x08001402   Section        0  stm32f4xx_hal_gpio.o(i.HAL_GPIO_TogglePin)
    i.HAL_GPIO_WritePin                      0x08001412   Section        0  stm32f4xx_hal_gpio.o(i.HAL_GPIO_WritePin)
    i.HAL_GetTick                            0x0800141c   Section        0  stm32f4xx_hal.o(i.HAL_GetTick)
    i.HAL_IncTick                            0x08001428   Section        0  stm32f4xx_hal.o(i.HAL_IncTick)
    i.HAL_Init                               0x08001438   Section        0  stm32f4xx_hal.o(i.HAL_Init)
    i.HAL_InitTick                           0x0800146c   Section        0  stm32f4xx_hal.o(i.HAL_InitTick)
    i.HAL_MspInit                            0x080014ac   Section        0  stm32f4xx_hal_msp.o(i.HAL_MspInit)
    i.HAL_NVIC_EnableIRQ                     0x080014dc   Section        0  stm32f4xx_hal_cortex.o(i.HAL_NVIC_EnableIRQ)
    i.HAL_NVIC_SetPriority                   0x080014f8   Section        0  stm32f4xx_hal_cortex.o(i.HAL_NVIC_SetPriority)
    i.HAL_NVIC_SetPriorityGrouping           0x08001538   Section        0  stm32f4xx_hal_cortex.o(i.HAL_NVIC_SetPriorityGrouping)
    i.HAL_RCC_ClockConfig                    0x0800155c   Section        0  stm32f4xx_hal_rcc.o(i.HAL_RCC_ClockConfig)
    i.HAL_RCC_GetPCLK1Freq                   0x08001690   Section        0  stm32f4xx_hal_rcc.o(i.HAL_RCC_GetPCLK1Freq)
    i.HAL_RCC_GetPCLK2Freq                   0x080016b0   Section        0  stm32f4xx_hal_rcc.o(i.HAL_RCC_GetPCLK2Freq)
    i.HAL_RCC_GetSysClockFreq                0x080016d0   Section        0  stm32f4xx_hal_rcc.o(i.HAL_RCC_GetSysClockFreq)
    i.HAL_RCC_OscConfig                      0x08001734   Section        0  stm32f4xx_hal_rcc.o(i.HAL_RCC_OscConfig)
    i.HAL_SYSTICK_Config                     0x08001aa0   Section        0  stm32f4xx_hal_cortex.o(i.HAL_SYSTICK_Config)
    i.HAL_TIMEx_BreakCallback                0x08001ac8   Section        0  stm32f4xx_hal_tim_ex.o(i.HAL_TIMEx_BreakCallback)
    i.HAL_TIMEx_CommutCallback               0x08001aca   Section        0  stm32f4xx_hal_tim_ex.o(i.HAL_TIMEx_CommutCallback)
    i.HAL_TIMEx_ConfigBreakDeadTime          0x08001acc   Section        0  stm32f4xx_hal_tim_ex.o(i.HAL_TIMEx_ConfigBreakDeadTime)
    i.HAL_TIMEx_MasterConfigSynchronization  0x08001b20   Section        0  stm32f4xx_hal_tim_ex.o(i.HAL_TIMEx_MasterConfigSynchronization)
    i.HAL_TIM_Base_Init                      0x08001b9c   Section        0  stm32f4xx_hal_tim.o(i.HAL_TIM_Base_Init)
    i.HAL_TIM_Base_MspInit                   0x08001bf8   Section        0  tim.o(i.HAL_TIM_Base_MspInit)
    i.HAL_TIM_Base_Start_IT                  0x08001ce4   Section        0  stm32f4xx_hal_tim.o(i.HAL_TIM_Base_Start_IT)
    i.HAL_TIM_ConfigClockSource              0x08001d50   Section        0  stm32f4xx_hal_tim.o(i.HAL_TIM_ConfigClockSource)
    i.HAL_TIM_IC_CaptureCallback             0x08001e2c   Section        0  main.o(i.HAL_TIM_IC_CaptureCallback)
    i.HAL_TIM_IC_ConfigChannel               0x08001e9c   Section        0  stm32f4xx_hal_tim.o(i.HAL_TIM_IC_ConfigChannel)
    i.HAL_TIM_IC_Init                        0x08001fba   Section        0  stm32f4xx_hal_tim.o(i.HAL_TIM_IC_Init)
    i.HAL_TIM_IC_MspInit                     0x08002014   Section        0  stm32f4xx_hal_tim.o(i.HAL_TIM_IC_MspInit)
    i.HAL_TIM_IC_Start_IT                    0x08002018   Section        0  stm32f4xx_hal_tim.o(i.HAL_TIM_IC_Start_IT)
    i.HAL_TIM_IRQHandler                     0x08002110   Section        0  stm32f4xx_hal_tim.o(i.HAL_TIM_IRQHandler)
    i.HAL_TIM_MspPostInit                    0x08002278   Section        0  tim.o(i.HAL_TIM_MspPostInit)
    i.HAL_TIM_OC_DelayElapsedCallback        0x08002324   Section        0  stm32f4xx_hal_tim.o(i.HAL_TIM_OC_DelayElapsedCallback)
    i.HAL_TIM_PWM_ConfigChannel              0x08002326   Section        0  stm32f4xx_hal_tim.o(i.HAL_TIM_PWM_ConfigChannel)
    i.HAL_TIM_PWM_Init                       0x080023f2   Section        0  stm32f4xx_hal_tim.o(i.HAL_TIM_PWM_Init)
    i.HAL_TIM_PWM_MspInit                    0x0800244c   Section        0  stm32f4xx_hal_tim.o(i.HAL_TIM_PWM_MspInit)
    i.HAL_TIM_PWM_PulseFinishedCallback      0x0800244e   Section        0  stm32f4xx_hal_tim.o(i.HAL_TIM_PWM_PulseFinishedCallback)
    i.HAL_TIM_PWM_Start                      0x08002450   Section        0  stm32f4xx_hal_tim.o(i.HAL_TIM_PWM_Start)
    i.HAL_TIM_PeriodElapsedCallback          0x08002500   Section        0  main.o(i.HAL_TIM_PeriodElapsedCallback)
    i.HAL_TIM_SlaveConfigSynchro             0x08002518   Section        0  stm32f4xx_hal_tim.o(i.HAL_TIM_SlaveConfigSynchro)
    i.HAL_TIM_TriggerCallback                0x0800256e   Section        0  stm32f4xx_hal_tim.o(i.HAL_TIM_TriggerCallback)
    i.HAL_UARTEx_ReceiveToIdle_DMA           0x08002570   Section        0  stm32f4xx_hal_uart.o(i.HAL_UARTEx_ReceiveToIdle_DMA)
    i.HAL_UARTEx_RxEventCallback             0x080025c8   Section        0  main.o(i.HAL_UARTEx_RxEventCallback)
    i.HAL_UART_ErrorCallback                 0x080026fc   Section        0  stm32f4xx_hal_uart.o(i.HAL_UART_ErrorCallback)
    i.HAL_UART_IRQHandler                    0x08002700   Section        0  stm32f4xx_hal_uart.o(i.HAL_UART_IRQHandler)
    i.HAL_UART_Init                          0x08002968   Section        0  stm32f4xx_hal_uart.o(i.HAL_UART_Init)
    i.HAL_UART_MspInit                       0x080029cc   Section        0  usart.o(i.HAL_UART_MspInit)
    i.HAL_UART_Receive_DMA                   0x08002ab4   Section        0  stm32f4xx_hal_uart.o(i.HAL_UART_Receive_DMA)
    i.HAL_UART_RxCpltCallback                0x08002ae0   Section        0  main.o(i.HAL_UART_RxCpltCallback)
    i.HAL_UART_RxHalfCpltCallback            0x08002b20   Section        0  stm32f4xx_hal_uart.o(i.HAL_UART_RxHalfCpltCallback)
    i.HAL_UART_Transmit                      0x08002b24   Section        0  stm32f4xx_hal_uart.o(i.HAL_UART_Transmit)
    i.HAL_UART_Transmit_IT                   0x08002bd6   Section        0  stm32f4xx_hal_uart.o(i.HAL_UART_Transmit_IT)
    i.HAL_UART_TxCpltCallback                0x08002c14   Section        0  stm32f4xx_hal_uart.o(i.HAL_UART_TxCpltCallback)
    i.HardFault_Handler                      0x08002c16   Section        0  stm32f4xx_it.o(i.HardFault_Handler)
    i.Key_Scan                               0x08002c18   Section        0  main.o(i.Key_Scan)
    i.MX_ADC1_Init                           0x08002ea0   Section        0  adc.o(i.MX_ADC1_Init)
    i.MX_DMA_Init                            0x08002f2c   Section        0  dma.o(i.MX_DMA_Init)
    i.MX_GPIO_Init                           0x08002f68   Section        0  gpio.o(i.MX_GPIO_Init)
    i.MX_TIM1_Init                           0x080030e4   Section        0  tim.o(i.MX_TIM1_Init)
    i.MX_TIM2_Init                           0x080031ac   Section        0  tim.o(i.MX_TIM2_Init)
    i.MX_TIM4_Init                           0x08003274   Section        0  tim.o(i.MX_TIM4_Init)
    i.MX_TIM5_Init                           0x0800332c   Section        0  tim.o(i.MX_TIM5_Init)
    i.MX_TIM9_Init                           0x080033c8   Section        0  tim.o(i.MX_TIM9_Init)
    i.MX_USART1_UART_Init                    0x08003414   Section        0  usart.o(i.MX_USART1_UART_Init)
    i.MemManage_Handler                      0x0800344c   Section        0  stm32f4xx_it.o(i.MemManage_Handler)
    i.NMI_Handler                            0x0800344e   Section        0  stm32f4xx_it.o(i.NMI_Handler)
    i.OLED_Clear                             0x08003450   Section        0  oled.o(i.OLED_Clear)
    i.OLED_Init                              0x0800348c   Section        0  oled.o(i.OLED_Init)
    i.OLED_Set_Pos                           0x080035b8   Section        0  oled.o(i.OLED_Set_Pos)
    i.OLED_ShowCHinese                       0x080035e4   Section        0  oled.o(i.OLED_ShowCHinese)
    i.OLED_ShowChar                          0x08003634   Section        0  oled.o(i.OLED_ShowChar)
    i.OLED_ShowString                        0x08003698   Section        0  oled.o(i.OLED_ShowString)
    i.OLED_Show_float                        0x080036cc   Section        0  oled.o(i.OLED_Show_float)
    i.OLED_Show_int                          0x08003718   Section        0  oled.o(i.OLED_Show_int)
    i.OLED_WR_Byte                           0x08003748   Section        0  oled.o(i.OLED_WR_Byte)
    i.PendSV_Handler                         0x080037c4   Section        0  stm32f4xx_it.o(i.PendSV_Handler)
    i.SVC_Handler                            0x080037c6   Section        0  stm32f4xx_it.o(i.SVC_Handler)
    i.SendIlluminanceData                    0x080037c8   Section        0  main.o(i.SendIlluminanceData)
    i.SysTick_Handler                        0x0800382c   Section        0  stm32f4xx_it.o(i.SysTick_Handler)
    i.SystemClock_Config                     0x08003830   Section        0  main.o(i.SystemClock_Config)
    i.SystemInit                             0x080038c4   Section        0  system_stm32f4xx.o(i.SystemInit)
    i.TIM2_IRQHandler                        0x080038d4   Section        0  stm32f4xx_it.o(i.TIM2_IRQHandler)
    i.TIM4_IRQHandler                        0x080038e0   Section        0  stm32f4xx_it.o(i.TIM4_IRQHandler)
    i.TIM_Base_SetConfig                     0x080038ec   Section        0  stm32f4xx_hal_tim.o(i.TIM_Base_SetConfig)
    i.TIM_CCxChannelCmd                      0x08003984   Section        0  stm32f4xx_hal_tim.o(i.TIM_CCxChannelCmd)
    i.TIM_ETR_SetConfig                      0x0800399e   Section        0  stm32f4xx_hal_tim.o(i.TIM_ETR_SetConfig)
    i.TIM_ITRx_SetConfig                     0x080039b2   Section        0  stm32f4xx_hal_tim.o(i.TIM_ITRx_SetConfig)
    TIM_ITRx_SetConfig                       0x080039b3   Thumb Code    16  stm32f4xx_hal_tim.o(i.TIM_ITRx_SetConfig)
    i.TIM_OC1_SetConfig                      0x080039c4   Section        0  stm32f4xx_hal_tim.o(i.TIM_OC1_SetConfig)
    TIM_OC1_SetConfig                        0x080039c5   Thumb Code    74  stm32f4xx_hal_tim.o(i.TIM_OC1_SetConfig)
    i.TIM_OC2_SetConfig                      0x08003a14   Section        0  stm32f4xx_hal_tim.o(i.TIM_OC2_SetConfig)
    i.TIM_OC3_SetConfig                      0x08003a6c   Section        0  stm32f4xx_hal_tim.o(i.TIM_OC3_SetConfig)
    TIM_OC3_SetConfig                        0x08003a6d   Thumb Code    82  stm32f4xx_hal_tim.o(i.TIM_OC3_SetConfig)
    i.TIM_OC4_SetConfig                      0x08003ac4   Section        0  stm32f4xx_hal_tim.o(i.TIM_OC4_SetConfig)
    TIM_OC4_SetConfig                        0x08003ac5   Thumb Code    64  stm32f4xx_hal_tim.o(i.TIM_OC4_SetConfig)
    i.TIM_SlaveTimer_SetConfig               0x08003b08   Section        0  stm32f4xx_hal_tim.o(i.TIM_SlaveTimer_SetConfig)
    TIM_SlaveTimer_SetConfig                 0x08003b09   Thumb Code   140  stm32f4xx_hal_tim.o(i.TIM_SlaveTimer_SetConfig)
    i.TIM_TI1_ConfigInputStage               0x08003b94   Section        0  stm32f4xx_hal_tim.o(i.TIM_TI1_ConfigInputStage)
    TIM_TI1_ConfigInputStage                 0x08003b95   Thumb Code    34  stm32f4xx_hal_tim.o(i.TIM_TI1_ConfigInputStage)
    i.TIM_TI1_SetConfig                      0x08003bb8   Section        0  stm32f4xx_hal_tim.o(i.TIM_TI1_SetConfig)
    i.TIM_TI2_ConfigInputStage               0x08003c24   Section        0  stm32f4xx_hal_tim.o(i.TIM_TI2_ConfigInputStage)
    TIM_TI2_ConfigInputStage                 0x08003c25   Thumb Code    36  stm32f4xx_hal_tim.o(i.TIM_TI2_ConfigInputStage)
    i.TIM_TI2_SetConfig                      0x08003c48   Section        0  stm32f4xx_hal_tim.o(i.TIM_TI2_SetConfig)
    TIM_TI2_SetConfig                        0x08003c49   Thumb Code    54  stm32f4xx_hal_tim.o(i.TIM_TI2_SetConfig)
    i.Trig                                   0x08003c80   Section        0  main.o(i.Trig)
    i.UART_DMAAbortOnError                   0x08003ca8   Section        0  stm32f4xx_hal_uart.o(i.UART_DMAAbortOnError)
    UART_DMAAbortOnError                     0x08003ca9   Thumb Code    16  stm32f4xx_hal_uart.o(i.UART_DMAAbortOnError)
    i.UART_DMAError                          0x08003cb8   Section        0  stm32f4xx_hal_uart.o(i.UART_DMAError)
    UART_DMAError                            0x08003cb9   Thumb Code    74  stm32f4xx_hal_uart.o(i.UART_DMAError)
    i.UART_DMAReceiveCplt                    0x08003d02   Section        0  stm32f4xx_hal_uart.o(i.UART_DMAReceiveCplt)
    UART_DMAReceiveCplt                      0x08003d03   Thumb Code   130  stm32f4xx_hal_uart.o(i.UART_DMAReceiveCplt)
    i.UART_DMARxHalfCplt                     0x08003d84   Section        0  stm32f4xx_hal_uart.o(i.UART_DMARxHalfCplt)
    UART_DMARxHalfCplt                       0x08003d85   Thumb Code    26  stm32f4xx_hal_uart.o(i.UART_DMARxHalfCplt)
    i.UART_EndRxTransfer                     0x08003d9e   Section        0  stm32f4xx_hal_uart.o(i.UART_EndRxTransfer)
    UART_EndRxTransfer                       0x08003d9f   Thumb Code    78  stm32f4xx_hal_uart.o(i.UART_EndRxTransfer)
    i.UART_EndTxTransfer                     0x08003dec   Section        0  stm32f4xx_hal_uart.o(i.UART_EndTxTransfer)
    UART_EndTxTransfer                       0x08003ded   Thumb Code    28  stm32f4xx_hal_uart.o(i.UART_EndTxTransfer)
    i.UART_Receive_IT                        0x08003e08   Section        0  stm32f4xx_hal_uart.o(i.UART_Receive_IT)
    UART_Receive_IT                          0x08003e09   Thumb Code   192  stm32f4xx_hal_uart.o(i.UART_Receive_IT)
    i.UART_SetConfig                         0x08003ec8   Section        0  stm32f4xx_hal_uart.o(i.UART_SetConfig)
    UART_SetConfig                           0x08003ec9   Thumb Code   258  stm32f4xx_hal_uart.o(i.UART_SetConfig)
    i.UART_Start_Receive_DMA                 0x08003fd4   Section        0  stm32f4xx_hal_uart.o(i.UART_Start_Receive_DMA)
    i.UART_WaitOnFlagUntilTimeout            0x08004068   Section        0  stm32f4xx_hal_uart.o(i.UART_WaitOnFlagUntilTimeout)
    UART_WaitOnFlagUntilTimeout              0x08004069   Thumb Code   120  stm32f4xx_hal_uart.o(i.UART_WaitOnFlagUntilTimeout)
    i.USART1_IRQHandler                      0x080040e0   Section        0  stm32f4xx_it.o(i.USART1_IRQHandler)
    i.UsageFault_Handler                     0x080040ec   Section        0  stm32f4xx_it.o(i.UsageFault_Handler)
    i.__0printf                              0x080040f0   Section        0  printfa.o(i.__0printf)
    i.__0sprintf                             0x08004110   Section        0  printfa.o(i.__0sprintf)
    i.__NVIC_SetPriority                     0x08004138   Section        0  stm32f4xx_hal_cortex.o(i.__NVIC_SetPriority)
    __NVIC_SetPriority                       0x08004139   Thumb Code    32  stm32f4xx_hal_cortex.o(i.__NVIC_SetPriority)
    i.__scatterload_copy                     0x08004158   Section       14  handlers.o(i.__scatterload_copy)
    i.__scatterload_null                     0x08004166   Section        2  handlers.o(i.__scatterload_null)
    i.__scatterload_zeroinit                 0x08004168   Section       14  handlers.o(i.__scatterload_zeroinit)
    i._fp_digits                             0x08004178   Section        0  printfa.o(i._fp_digits)
    _fp_digits                               0x08004179   Thumb Code   366  printfa.o(i._fp_digits)
    i._printf_core                           0x080042fc   Section        0  printfa.o(i._printf_core)
    _printf_core                             0x080042fd   Thumb Code  1704  printfa.o(i._printf_core)
    i._printf_post_padding                   0x080049b0   Section        0  printfa.o(i._printf_post_padding)
    _printf_post_padding                     0x080049b1   Thumb Code    36  printfa.o(i._printf_post_padding)
    i._printf_pre_padding                    0x080049d4   Section        0  printfa.o(i._printf_pre_padding)
    _printf_pre_padding                      0x080049d5   Thumb Code    46  printfa.o(i._printf_pre_padding)
    i._sputc                                 0x08004a02   Section        0  printfa.o(i._sputc)
    _sputc                                   0x08004a03   Thumb Code    10  printfa.o(i._sputc)
    i.fputc                                  0x08004a0c   Section        0  main.o(i.fputc)
    i.main                                   0x08004a24   Section        0  main.o(i.main)
    .constdata                               0x080052a0   Section     1520  oled.o(.constdata)
    .constdata                               0x08005890   Section        8  stm32f4xx_hal_dma.o(.constdata)
    flagBitshiftOffset                       0x08005890   Data           8  stm32f4xx_hal_dma.o(.constdata)
    .constdata                               0x08005898   Section       16  system_stm32f4xx.o(.constdata)
    .constdata                               0x080058a8   Section        8  system_stm32f4xx.o(.constdata)
    .data                                    0x20000000   Section     2240  oled.o(.data)
    .data                                    0x200008c0   Section       72  main.o(.data)
    .data                                    0x20000908   Section       16  stm32f4xx_it.o(.data)
    .data                                    0x20000918   Section       12  stm32f4xx_hal.o(.data)
    .data                                    0x20000924   Section        4  system_stm32f4xx.o(.data)
    .data                                    0x20000928   Section        4  stdout.o(.data)
    .bss                                     0x2000092c   Section       50  main.o(.bss)
    .bss                                     0x20000960   Section       72  adc.o(.bss)
    .bss                                     0x200009a8   Section      360  tim.o(.bss)
    .bss                                     0x20000b10   Section      260  usart.o(.bss)
    STACK                                    0x20000c18   Section     1024  startup_stm32f401xc.o(STACK)

    Global Symbols

    Symbol Name                              Value     Ov Type        Size  Object(Section)

    BuildAttributes$$THM_ISAv4$E$P$D$K$B$S$7EM$VFPi3$EXTD16$VFPS$VFMA$PE$A:L22UL41UL21$X:L11$S22US41US21$IEEE1$IW$USESV6$~STKCKD$USESV7$~SHL$OSPACE$ROPI$EBA8$MICROLIB$REQ8$PRES8$EABIv2 0x00000000   Number         0  anon$$obj.o ABSOLUTE
    __ARM_use_no_argv                        0x00000000   Number         0  main.o ABSOLUTE
    _printf_a                                0x00000000   Number         0  stubs.o ABSOLUTE
    _printf_c                                0x00000000   Number         0  stubs.o ABSOLUTE
    _printf_charcount                        0x00000000   Number         0  stubs.o ABSOLUTE
    _printf_d                                0x00000000   Number         0  stubs.o ABSOLUTE
    _printf_e                                0x00000000   Number         0  stubs.o ABSOLUTE
    _printf_f                                0x00000000   Number         0  stubs.o ABSOLUTE
    _printf_flags                            0x00000000   Number         0  stubs.o ABSOLUTE
    _printf_fp_dec                           0x00000000   Number         0  stubs.o ABSOLUTE
    _printf_fp_hex                           0x00000000   Number         0  stubs.o ABSOLUTE
    _printf_g                                0x00000000   Number         0  stubs.o ABSOLUTE
    _printf_i                                0x00000000   Number         0  stubs.o ABSOLUTE
    _printf_int_dec                          0x00000000   Number         0  stubs.o ABSOLUTE
    _printf_l                                0x00000000   Number         0  stubs.o ABSOLUTE
    _printf_lc                               0x00000000   Number         0  stubs.o ABSOLUTE
    _printf_ll                               0x00000000   Number         0  stubs.o ABSOLUTE
    _printf_lld                              0x00000000   Number         0  stubs.o ABSOLUTE
    _printf_lli                              0x00000000   Number         0  stubs.o ABSOLUTE
    _printf_llo                              0x00000000   Number         0  stubs.o ABSOLUTE
    _printf_llu                              0x00000000   Number         0  stubs.o ABSOLUTE
    _printf_llx                              0x00000000   Number         0  stubs.o ABSOLUTE
    _printf_longlong_dec                     0x00000000   Number         0  stubs.o ABSOLUTE
    _printf_longlong_hex                     0x00000000   Number         0  stubs.o ABSOLUTE
    _printf_longlong_oct                     0x00000000   Number         0  stubs.o ABSOLUTE
    _printf_ls                               0x00000000   Number         0  stubs.o ABSOLUTE
    _printf_mbtowc                           0x00000000   Number         0  stubs.o ABSOLUTE
    _printf_n                                0x00000000   Number         0  stubs.o ABSOLUTE
    _printf_o                                0x00000000   Number         0  stubs.o ABSOLUTE
    _printf_p                                0x00000000   Number         0  stubs.o ABSOLUTE
    _printf_percent                          0x00000000   Number         0  stubs.o ABSOLUTE
    _printf_pre_padding                      0x00000000   Number         0  stubs.o ABSOLUTE
    _printf_return_value                     0x00000000   Number         0  stubs.o ABSOLUTE
    _printf_s                                0x00000000   Number         0  stubs.o ABSOLUTE
    _printf_sizespec                         0x00000000   Number         0  stubs.o ABSOLUTE
    _printf_str                              0x00000000   Number         0  stubs.o ABSOLUTE
    _printf_truncate_signed                  0x00000000   Number         0  stubs.o ABSOLUTE
    _printf_truncate_unsigned                0x00000000   Number         0  stubs.o ABSOLUTE
    _printf_u                                0x00000000   Number         0  stubs.o ABSOLUTE
    _printf_wc                               0x00000000   Number         0  stubs.o ABSOLUTE
    _printf_wctomb                           0x00000000   Number         0  stubs.o ABSOLUTE
    _printf_widthprec                        0x00000000   Number         0  stubs.o ABSOLUTE
    _printf_x                                0x00000000   Number         0  stubs.o ABSOLUTE
    __arm_fini_                               - Undefined Weak Reference
    __cpp_initialize__aeabi_                  - Undefined Weak Reference
    __cxa_finalize                            - Undefined Weak Reference
    _clock_init                               - Undefined Weak Reference
    _microlib_exit                            - Undefined Weak Reference
    __Vectors_Size                           0x00000194   Number         0  startup_stm32f401xc.o ABSOLUTE
    __Vectors                                0x08000000   Data           4  startup_stm32f401xc.o(RESET)
    __Vectors_End                            0x08000194   Data           0  startup_stm32f401xc.o(RESET)
    __main                                   0x08000195   Thumb Code     0  entry.o(.ARM.Collect$$$$00000000)
    _main_stk                                0x08000195   Thumb Code     0  entry2.o(.ARM.Collect$$$$00000001)
    _main_scatterload                        0x08000199   Thumb Code     0  entry5.o(.ARM.Collect$$$$00000004)
    __main_after_scatterload                 0x0800019d   Thumb Code     0  entry5.o(.ARM.Collect$$$$00000004)
    _main_clock                              0x0800019d   Thumb Code     0  entry7b.o(.ARM.Collect$$$$00000008)
    _main_cpp_init                           0x0800019d   Thumb Code     0  entry8b.o(.ARM.Collect$$$$0000000A)
    _main_init                               0x0800019d   Thumb Code     0  entry9a.o(.ARM.Collect$$$$0000000B)
    __rt_lib_shutdown_fini                   0x080001a5   Thumb Code     0  entry12b.o(.ARM.Collect$$$$0000000E)
    __rt_final_cpp                           0x080001a9   Thumb Code     0  entry10a.o(.ARM.Collect$$$$0000000F)
    __rt_final_exit                          0x080001a9   Thumb Code     0  entry11a.o(.ARM.Collect$$$$00000011)
    Reset_Handler                            0x080001ad   Thumb Code     8  startup_stm32f401xc.o(.text)
    ADC_IRQHandler                           0x080001c7   Thumb Code     0  startup_stm32f401xc.o(.text)
    DMA1_Stream0_IRQHandler                  0x080001c7   Thumb Code     0  startup_stm32f401xc.o(.text)
    DMA1_Stream1_IRQHandler                  0x080001c7   Thumb Code     0  startup_stm32f401xc.o(.text)
    DMA1_Stream2_IRQHandler                  0x080001c7   Thumb Code     0  startup_stm32f401xc.o(.text)
    DMA1_Stream3_IRQHandler                  0x080001c7   Thumb Code     0  startup_stm32f401xc.o(.text)
    DMA1_Stream4_IRQHandler                  0x080001c7   Thumb Code     0  startup_stm32f401xc.o(.text)
    DMA1_Stream5_IRQHandler                  0x080001c7   Thumb Code     0  startup_stm32f401xc.o(.text)
    DMA1_Stream6_IRQHandler                  0x080001c7   Thumb Code     0  startup_stm32f401xc.o(.text)
    DMA1_Stream7_IRQHandler                  0x080001c7   Thumb Code     0  startup_stm32f401xc.o(.text)
    DMA2_Stream0_IRQHandler                  0x080001c7   Thumb Code     0  startup_stm32f401xc.o(.text)
    DMA2_Stream1_IRQHandler                  0x080001c7   Thumb Code     0  startup_stm32f401xc.o(.text)
    DMA2_Stream3_IRQHandler                  0x080001c7   Thumb Code     0  startup_stm32f401xc.o(.text)
    DMA2_Stream4_IRQHandler                  0x080001c7   Thumb Code     0  startup_stm32f401xc.o(.text)
    DMA2_Stream5_IRQHandler                  0x080001c7   Thumb Code     0  startup_stm32f401xc.o(.text)
    DMA2_Stream6_IRQHandler                  0x080001c7   Thumb Code     0  startup_stm32f401xc.o(.text)
    EXTI0_IRQHandler                         0x080001c7   Thumb Code     0  startup_stm32f401xc.o(.text)
    EXTI2_IRQHandler                         0x080001c7   Thumb Code     0  startup_stm32f401xc.o(.text)
    EXTI3_IRQHandler                         0x080001c7   Thumb Code     0  startup_stm32f401xc.o(.text)
    EXTI4_IRQHandler                         0x080001c7   Thumb Code     0  startup_stm32f401xc.o(.text)
    FLASH_IRQHandler                         0x080001c7   Thumb Code     0  startup_stm32f401xc.o(.text)
    FPU_IRQHandler                           0x080001c7   Thumb Code     0  startup_stm32f401xc.o(.text)
    I2C1_ER_IRQHandler                       0x080001c7   Thumb Code     0  startup_stm32f401xc.o(.text)
    I2C1_EV_IRQHandler                       0x080001c7   Thumb Code     0  startup_stm32f401xc.o(.text)
    I2C2_ER_IRQHandler                       0x080001c7   Thumb Code     0  startup_stm32f401xc.o(.text)
    I2C2_EV_IRQHandler                       0x080001c7   Thumb Code     0  startup_stm32f401xc.o(.text)
    I2C3_ER_IRQHandler                       0x080001c7   Thumb Code     0  startup_stm32f401xc.o(.text)
    I2C3_EV_IRQHandler                       0x080001c7   Thumb Code     0  startup_stm32f401xc.o(.text)
    OTG_FS_IRQHandler                        0x080001c7   Thumb Code     0  startup_stm32f401xc.o(.text)
    OTG_FS_WKUP_IRQHandler                   0x080001c7   Thumb Code     0  startup_stm32f401xc.o(.text)
    PVD_IRQHandler                           0x080001c7   Thumb Code     0  startup_stm32f401xc.o(.text)
    RCC_IRQHandler                           0x080001c7   Thumb Code     0  startup_stm32f401xc.o(.text)
    RTC_Alarm_IRQHandler                     0x080001c7   Thumb Code     0  startup_stm32f401xc.o(.text)
    RTC_WKUP_IRQHandler                      0x080001c7   Thumb Code     0  startup_stm32f401xc.o(.text)
    SDIO_IRQHandler                          0x080001c7   Thumb Code     0  startup_stm32f401xc.o(.text)
    SPI1_IRQHandler                          0x080001c7   Thumb Code     0  startup_stm32f401xc.o(.text)
    SPI2_IRQHandler                          0x080001c7   Thumb Code     0  startup_stm32f401xc.o(.text)
    SPI3_IRQHandler                          0x080001c7   Thumb Code     0  startup_stm32f401xc.o(.text)
    SPI4_IRQHandler                          0x080001c7   Thumb Code     0  startup_stm32f401xc.o(.text)
    TAMP_STAMP_IRQHandler                    0x080001c7   Thumb Code     0  startup_stm32f401xc.o(.text)
    TIM1_BRK_TIM9_IRQHandler                 0x080001c7   Thumb Code     0  startup_stm32f401xc.o(.text)
    TIM1_CC_IRQHandler                       0x080001c7   Thumb Code     0  startup_stm32f401xc.o(.text)
    TIM1_TRG_COM_TIM11_IRQHandler            0x080001c7   Thumb Code     0  startup_stm32f401xc.o(.text)
    TIM1_UP_TIM10_IRQHandler                 0x080001c7   Thumb Code     0  startup_stm32f401xc.o(.text)
    TIM3_IRQHandler                          0x080001c7   Thumb Code     0  startup_stm32f401xc.o(.text)
    TIM5_IRQHandler                          0x080001c7   Thumb Code     0  startup_stm32f401xc.o(.text)
    USART2_IRQHandler                        0x080001c7   Thumb Code     0  startup_stm32f401xc.o(.text)
    USART6_IRQHandler                        0x080001c7   Thumb Code     0  startup_stm32f401xc.o(.text)
    WWDG_IRQHandler                          0x080001c7   Thumb Code     0  startup_stm32f401xc.o(.text)
    __aeabi_uldivmod                         0x080001d1   Thumb Code    98  uldiv.o(.text)
    __aeabi_memset                           0x08000233   Thumb Code    14  memseta.o(.text)
    __aeabi_memset4                          0x08000233   Thumb Code     0  memseta.o(.text)
    __aeabi_memset8                          0x08000233   Thumb Code     0  memseta.o(.text)
    __aeabi_memclr                           0x08000241   Thumb Code     4  memseta.o(.text)
    __aeabi_memclr4                          0x08000241   Thumb Code     0  memseta.o(.text)
    __aeabi_memclr8                          0x08000241   Thumb Code     0  memseta.o(.text)
    _memset$wrapper                          0x08000245   Thumb Code    18  memseta.o(.text)
    __aeabi_ddiv                             0x08000257   Thumb Code   222  ddiv.o(.text)
    __aeabi_i2d                              0x08000335   Thumb Code    34  dflti.o(.text)
    __aeabi_d2iz                             0x08000357   Thumb Code    62  dfixi.o(.text)
    __aeabi_f2d                              0x08000395   Thumb Code    38  f2d.o(.text)
    __aeabi_uidiv                            0x080003bb   Thumb Code     0  uidiv.o(.text)
    __aeabi_uidivmod                         0x080003bb   Thumb Code    44  uidiv.o(.text)
    __aeabi_llsl                             0x080003e7   Thumb Code    30  llshl.o(.text)
    _ll_shift_l                              0x080003e7   Thumb Code     0  llshl.o(.text)
    __aeabi_llsr                             0x08000405   Thumb Code    32  llushr.o(.text)
    _ll_ushift_r                             0x08000405   Thumb Code     0  llushr.o(.text)
    __I$use$fp                               0x08000425   Thumb Code     0  iusefp.o(.text)
    _double_round                            0x08000425   Thumb Code    30  depilogue.o(.text)
    _double_epilogue                         0x08000443   Thumb Code   156  depilogue.o(.text)
    __aeabi_dadd                             0x080004df   Thumb Code   322  dadd.o(.text)
    __aeabi_dsub                             0x08000621   Thumb Code     6  dadd.o(.text)
    __aeabi_drsub                            0x08000627   Thumb Code     6  dadd.o(.text)
    __aeabi_dmul                             0x0800062d   Thumb Code   228  dmul.o(.text)
    __aeabi_d2ulz                            0x08000711   Thumb Code    48  dfixul.o(.text)
    __aeabi_cdrcmple                         0x08000741   Thumb Code    48  cdrcmple.o(.text)
    __scatterload                            0x08000771   Thumb Code    28  init.o(.text)
    __scatterload_rt2                        0x08000771   Thumb Code     0  init.o(.text)
    __aeabi_lasr                             0x08000795   Thumb Code    36  llsshr.o(.text)
    _ll_sshift_r                             0x08000795   Thumb Code     0  llsshr.o(.text)
    __decompress                             0x080007b9   Thumb Code     0  __dclz77c.o(.text)
    __decompress2                            0x080007b9   Thumb Code    94  __dclz77c.o(.text)
    BusFault_Handler                         0x08000941   Thumb Code     2  stm32f4xx_it.o(i.BusFault_Handler)
    DMA2_Stream2_IRQHandler                  0x08000945   Thumb Code     6  stm32f4xx_it.o(i.DMA2_Stream2_IRQHandler)
    DMA2_Stream7_IRQHandler                  0x08000951   Thumb Code     6  stm32f4xx_it.o(i.DMA2_Stream7_IRQHandler)
    DebugMon_Handler                         0x08000a01   Thumb Code     2  stm32f4xx_it.o(i.DebugMon_Handler)
    EXTI15_10_IRQHandler                     0x08000a03   Thumb Code    38  stm32f4xx_it.o(i.EXTI15_10_IRQHandler)
    EXTI1_IRQHandler                         0x08000a29   Thumb Code    26  stm32f4xx_it.o(i.EXTI1_IRQHandler)
    EXTI9_5_IRQHandler                       0x08000a4d   Thumb Code    38  stm32f4xx_it.o(i.EXTI9_5_IRQHandler)
    Error_Handler                            0x08000a7d   Thumb Code     4  main.o(i.Error_Handler)
    HAL_ADC_ConfigChannel                    0x08000a81   Thumb Code   316  stm32f4xx_hal_adc.o(i.HAL_ADC_ConfigChannel)
    HAL_ADC_GetValue                         0x08000bcd   Thumb Code     6  stm32f4xx_hal_adc.o(i.HAL_ADC_GetValue)
    HAL_ADC_Init                             0x08000bd3   Thumb Code    84  stm32f4xx_hal_adc.o(i.HAL_ADC_Init)
    HAL_ADC_MspInit                          0x08000c29   Thumb Code    84  adc.o(i.HAL_ADC_MspInit)
    HAL_ADC_PollForConversion                0x08000c89   Thumb Code   170  stm32f4xx_hal_adc.o(i.HAL_ADC_PollForConversion)
    HAL_ADC_Start                            0x08000d35   Thumb Code   188  stm32f4xx_hal_adc.o(i.HAL_ADC_Start)
    HAL_ADC_Stop                             0x08000e01   Thumb Code    60  stm32f4xx_hal_adc.o(i.HAL_ADC_Stop)
    HAL_DMA_Abort                            0x08000e3d   Thumb Code   146  stm32f4xx_hal_dma.o(i.HAL_DMA_Abort)
    HAL_DMA_Abort_IT                         0x08000ecf   Thumb Code    36  stm32f4xx_hal_dma.o(i.HAL_DMA_Abort_IT)
    HAL_DMA_IRQHandler                       0x08000ef5   Thumb Code   412  stm32f4xx_hal_dma.o(i.HAL_DMA_IRQHandler)
    HAL_DMA_Init                             0x08001095   Thumb Code   206  stm32f4xx_hal_dma.o(i.HAL_DMA_Init)
    HAL_DMA_Start_IT                         0x08001169   Thumb Code   110  stm32f4xx_hal_dma.o(i.HAL_DMA_Start_IT)
    HAL_Delay                                0x080011d9   Thumb Code    32  stm32f4xx_hal.o(i.HAL_Delay)
    HAL_GPIO_EXTI_Callback                   0x080011fd   Thumb Code     2  stm32f4xx_hal_gpio.o(i.HAL_GPIO_EXTI_Callback)
    HAL_GPIO_EXTI_IRQHandler                 0x08001201   Thumb Code    18  stm32f4xx_hal_gpio.o(i.HAL_GPIO_EXTI_IRQHandler)
    HAL_GPIO_Init                            0x08001219   Thumb Code   446  stm32f4xx_hal_gpio.o(i.HAL_GPIO_Init)
    HAL_GPIO_ReadPin                         0x080013f9   Thumb Code    10  stm32f4xx_hal_gpio.o(i.HAL_GPIO_ReadPin)
    HAL_GPIO_TogglePin                       0x08001403   Thumb Code    16  stm32f4xx_hal_gpio.o(i.HAL_GPIO_TogglePin)
    HAL_GPIO_WritePin                        0x08001413   Thumb Code    10  stm32f4xx_hal_gpio.o(i.HAL_GPIO_WritePin)
    HAL_GetTick                              0x0800141d   Thumb Code     6  stm32f4xx_hal.o(i.HAL_GetTick)
    HAL_IncTick                              0x08001429   Thumb Code    12  stm32f4xx_hal.o(i.HAL_IncTick)
    HAL_Init                                 0x08001439   Thumb Code    48  stm32f4xx_hal.o(i.HAL_Init)
    HAL_InitTick                             0x0800146d   Thumb Code    54  stm32f4xx_hal.o(i.HAL_InitTick)
    HAL_MspInit                              0x080014ad   Thumb Code    42  stm32f4xx_hal_msp.o(i.HAL_MspInit)
    HAL_NVIC_EnableIRQ                       0x080014dd   Thumb Code    26  stm32f4xx_hal_cortex.o(i.HAL_NVIC_EnableIRQ)
    HAL_NVIC_SetPriority                     0x080014f9   Thumb Code    60  stm32f4xx_hal_cortex.o(i.HAL_NVIC_SetPriority)
    HAL_NVIC_SetPriorityGrouping             0x08001539   Thumb Code    26  stm32f4xx_hal_cortex.o(i.HAL_NVIC_SetPriorityGrouping)
    HAL_RCC_ClockConfig                      0x0800155d   Thumb Code   288  stm32f4xx_hal_rcc.o(i.HAL_RCC_ClockConfig)
    HAL_RCC_GetPCLK1Freq                     0x08001691   Thumb Code    20  stm32f4xx_hal_rcc.o(i.HAL_RCC_GetPCLK1Freq)
    HAL_RCC_GetPCLK2Freq                     0x080016b1   Thumb Code    20  stm32f4xx_hal_rcc.o(i.HAL_RCC_GetPCLK2Freq)
    HAL_RCC_GetSysClockFreq                  0x080016d1   Thumb Code    88  stm32f4xx_hal_rcc.o(i.HAL_RCC_GetSysClockFreq)
    HAL_RCC_OscConfig                        0x08001735   Thumb Code   856  stm32f4xx_hal_rcc.o(i.HAL_RCC_OscConfig)
    HAL_SYSTICK_Config                       0x08001aa1   Thumb Code    40  stm32f4xx_hal_cortex.o(i.HAL_SYSTICK_Config)
    HAL_TIMEx_BreakCallback                  0x08001ac9   Thumb Code     2  stm32f4xx_hal_tim_ex.o(i.HAL_TIMEx_BreakCallback)
    HAL_TIMEx_CommutCallback                 0x08001acb   Thumb Code     2  stm32f4xx_hal_tim_ex.o(i.HAL_TIMEx_CommutCallback)
    HAL_TIMEx_ConfigBreakDeadTime            0x08001acd   Thumb Code    84  stm32f4xx_hal_tim_ex.o(i.HAL_TIMEx_ConfigBreakDeadTime)
    HAL_TIMEx_MasterConfigSynchronization    0x08001b21   Thumb Code   104  stm32f4xx_hal_tim_ex.o(i.HAL_TIMEx_MasterConfigSynchronization)
    HAL_TIM_Base_Init                        0x08001b9d   Thumb Code    90  stm32f4xx_hal_tim.o(i.HAL_TIM_Base_Init)
    HAL_TIM_Base_MspInit                     0x08001bf9   Thumb Code   212  tim.o(i.HAL_TIM_Base_MspInit)
    HAL_TIM_Base_Start_IT                    0x08001ce5   Thumb Code    88  stm32f4xx_hal_tim.o(i.HAL_TIM_Base_Start_IT)
    HAL_TIM_ConfigClockSource                0x08001d51   Thumb Code   220  stm32f4xx_hal_tim.o(i.HAL_TIM_ConfigClockSource)
    HAL_TIM_IC_CaptureCallback               0x08001e2d   Thumb Code    98  main.o(i.HAL_TIM_IC_CaptureCallback)
    HAL_TIM_IC_ConfigChannel                 0x08001e9d   Thumb Code   286  stm32f4xx_hal_tim.o(i.HAL_TIM_IC_ConfigChannel)
    HAL_TIM_IC_Init                          0x08001fbb   Thumb Code    90  stm32f4xx_hal_tim.o(i.HAL_TIM_IC_Init)
    HAL_TIM_IC_MspInit                       0x08002015   Thumb Code     2  stm32f4xx_hal_tim.o(i.HAL_TIM_IC_MspInit)
    HAL_TIM_IC_Start_IT                      0x08002019   Thumb Code   228  stm32f4xx_hal_tim.o(i.HAL_TIM_IC_Start_IT)
    HAL_TIM_IRQHandler                       0x08002111   Thumb Code   358  stm32f4xx_hal_tim.o(i.HAL_TIM_IRQHandler)
    HAL_TIM_MspPostInit                      0x08002279   Thumb Code   148  tim.o(i.HAL_TIM_MspPostInit)
    HAL_TIM_OC_DelayElapsedCallback          0x08002325   Thumb Code     2  stm32f4xx_hal_tim.o(i.HAL_TIM_OC_DelayElapsedCallback)
    HAL_TIM_PWM_ConfigChannel                0x08002327   Thumb Code   204  stm32f4xx_hal_tim.o(i.HAL_TIM_PWM_ConfigChannel)
    HAL_TIM_PWM_Init                         0x080023f3   Thumb Code    90  stm32f4xx_hal_tim.o(i.HAL_TIM_PWM_Init)
    HAL_TIM_PWM_MspInit                      0x0800244d   Thumb Code     2  stm32f4xx_hal_tim.o(i.HAL_TIM_PWM_MspInit)
    HAL_TIM_PWM_PulseFinishedCallback        0x0800244f   Thumb Code     2  stm32f4xx_hal_tim.o(i.HAL_TIM_PWM_PulseFinishedCallback)
    HAL_TIM_PWM_Start                        0x08002451   Thumb Code   156  stm32f4xx_hal_tim.o(i.HAL_TIM_PWM_Start)
    HAL_TIM_PeriodElapsedCallback            0x08002501   Thumb Code    16  main.o(i.HAL_TIM_PeriodElapsedCallback)
    HAL_TIM_SlaveConfigSynchro               0x08002519   Thumb Code    86  stm32f4xx_hal_tim.o(i.HAL_TIM_SlaveConfigSynchro)
    HAL_TIM_TriggerCallback                  0x0800256f   Thumb Code     2  stm32f4xx_hal_tim.o(i.HAL_TIM_TriggerCallback)
    HAL_UARTEx_ReceiveToIdle_DMA             0x08002571   Thumb Code    86  stm32f4xx_hal_uart.o(i.HAL_UARTEx_ReceiveToIdle_DMA)
    HAL_UARTEx_RxEventCallback               0x080025c9   Thumb Code   278  main.o(i.HAL_UARTEx_RxEventCallback)
    HAL_UART_ErrorCallback                   0x080026fd   Thumb Code     2  stm32f4xx_hal_uart.o(i.HAL_UART_ErrorCallback)
    HAL_UART_IRQHandler                      0x08002701   Thumb Code   610  stm32f4xx_hal_uart.o(i.HAL_UART_IRQHandler)
    HAL_UART_Init                            0x08002969   Thumb Code    98  stm32f4xx_hal_uart.o(i.HAL_UART_Init)
    HAL_UART_MspInit                         0x080029cd   Thumb Code   210  usart.o(i.HAL_UART_MspInit)
    HAL_UART_Receive_DMA                     0x08002ab5   Thumb Code    42  stm32f4xx_hal_uart.o(i.HAL_UART_Receive_DMA)
    HAL_UART_RxCpltCallback                  0x08002ae1   Thumb Code    52  main.o(i.HAL_UART_RxCpltCallback)
    HAL_UART_RxHalfCpltCallback              0x08002b21   Thumb Code     2  stm32f4xx_hal_uart.o(i.HAL_UART_RxHalfCpltCallback)
    HAL_UART_Transmit                        0x08002b25   Thumb Code   178  stm32f4xx_hal_uart.o(i.HAL_UART_Transmit)
    HAL_UART_Transmit_IT                     0x08002bd7   Thumb Code    62  stm32f4xx_hal_uart.o(i.HAL_UART_Transmit_IT)
    HAL_UART_TxCpltCallback                  0x08002c15   Thumb Code     2  stm32f4xx_hal_uart.o(i.HAL_UART_TxCpltCallback)
    HardFault_Handler                        0x08002c17   Thumb Code     2  stm32f4xx_it.o(i.HardFault_Handler)
    Key_Scan                                 0x08002c19   Thumb Code   638  main.o(i.Key_Scan)
    MX_ADC1_Init                             0x08002ea1   Thumb Code   128  adc.o(i.MX_ADC1_Init)
    MX_DMA_Init                              0x08002f2d   Thumb Code    56  dma.o(i.MX_DMA_Init)
    MX_GPIO_Init                             0x08002f69   Thumb Code   362  gpio.o(i.MX_GPIO_Init)
    MX_TIM1_Init                             0x080030e5   Thumb Code   192  tim.o(i.MX_TIM1_Init)
    MX_TIM2_Init                             0x080031ad   Thumb Code   194  tim.o(i.MX_TIM2_Init)
    MX_TIM4_Init                             0x08003275   Thumb Code   176  tim.o(i.MX_TIM4_Init)
    MX_TIM5_Init                             0x0800332d   Thumb Code   146  tim.o(i.MX_TIM5_Init)
    MX_TIM9_Init                             0x080033c9   Thumb Code    66  tim.o(i.MX_TIM9_Init)
    MX_USART1_UART_Init                      0x08003415   Thumb Code    48  usart.o(i.MX_USART1_UART_Init)
    MemManage_Handler                        0x0800344d   Thumb Code     2  stm32f4xx_it.o(i.MemManage_Handler)
    NMI_Handler                              0x0800344f   Thumb Code     2  stm32f4xx_it.o(i.NMI_Handler)
    OLED_Clear                               0x08003451   Thumb Code    60  oled.o(i.OLED_Clear)
    OLED_Init                                0x0800348d   Thumb Code   294  oled.o(i.OLED_Init)
    OLED_Set_Pos                             0x080035b9   Thumb Code    44  oled.o(i.OLED_Set_Pos)
    OLED_ShowCHinese                         0x080035e5   Thumb Code    74  oled.o(i.OLED_ShowCHinese)
    OLED_ShowChar                            0x08003635   Thumb Code    94  oled.o(i.OLED_ShowChar)
    OLED_ShowString                          0x08003699   Thumb Code    50  oled.o(i.OLED_ShowString)
    OLED_Show_float                          0x080036cd   Thumb Code    66  oled.o(i.OLED_Show_float)
    OLED_Show_int                            0x08003719   Thumb Code    42  oled.o(i.OLED_Show_int)
    OLED_WR_Byte                             0x08003749   Thumb Code   116  oled.o(i.OLED_WR_Byte)
    PendSV_Handler                           0x080037c5   Thumb Code     2  stm32f4xx_it.o(i.PendSV_Handler)
    SVC_Handler                              0x080037c7   Thumb Code     2  stm32f4xx_it.o(i.SVC_Handler)
    SendIlluminanceData                      0x080037c9   Thumb Code    90  main.o(i.SendIlluminanceData)
    SysTick_Handler                          0x0800382d   Thumb Code     4  stm32f4xx_it.o(i.SysTick_Handler)
    SystemClock_Config                       0x08003831   Thumb Code   140  main.o(i.SystemClock_Config)
    SystemInit                               0x080038c5   Thumb Code    12  system_stm32f4xx.o(i.SystemInit)
    TIM2_IRQHandler                          0x080038d5   Thumb Code     6  stm32f4xx_it.o(i.TIM2_IRQHandler)
    TIM4_IRQHandler                          0x080038e1   Thumb Code     6  stm32f4xx_it.o(i.TIM4_IRQHandler)
    TIM_Base_SetConfig                       0x080038ed   Thumb Code   122  stm32f4xx_hal_tim.o(i.TIM_Base_SetConfig)
    TIM_CCxChannelCmd                        0x08003985   Thumb Code    26  stm32f4xx_hal_tim.o(i.TIM_CCxChannelCmd)
    TIM_ETR_SetConfig                        0x0800399f   Thumb Code    20  stm32f4xx_hal_tim.o(i.TIM_ETR_SetConfig)
    TIM_OC2_SetConfig                        0x08003a15   Thumb Code    84  stm32f4xx_hal_tim.o(i.TIM_OC2_SetConfig)
    TIM_TI1_SetConfig                        0x08003bb9   Thumb Code    88  stm32f4xx_hal_tim.o(i.TIM_TI1_SetConfig)
    Trig                                     0x08003c81   Thumb Code    34  main.o(i.Trig)
    UART_Start_Receive_DMA                   0x08003fd5   Thumb Code   134  stm32f4xx_hal_uart.o(i.UART_Start_Receive_DMA)
    USART1_IRQHandler                        0x080040e1   Thumb Code     6  stm32f4xx_it.o(i.USART1_IRQHandler)
    UsageFault_Handler                       0x080040ed   Thumb Code     2  stm32f4xx_it.o(i.UsageFault_Handler)
    __0printf                                0x080040f1   Thumb Code    22  printfa.o(i.__0printf)
    __1printf                                0x080040f1   Thumb Code     0  printfa.o(i.__0printf)
    __2printf                                0x080040f1   Thumb Code     0  printfa.o(i.__0printf)
    __c89printf                              0x080040f1   Thumb Code     0  printfa.o(i.__0printf)
    printf                                   0x080040f1   Thumb Code     0  printfa.o(i.__0printf)
    __0sprintf                               0x08004111   Thumb Code    34  printfa.o(i.__0sprintf)
    __1sprintf                               0x08004111   Thumb Code     0  printfa.o(i.__0sprintf)
    __2sprintf                               0x08004111   Thumb Code     0  printfa.o(i.__0sprintf)
    __c89sprintf                             0x08004111   Thumb Code     0  printfa.o(i.__0sprintf)
    sprintf                                  0x08004111   Thumb Code     0  printfa.o(i.__0sprintf)
    __scatterload_copy                       0x08004159   Thumb Code    14  handlers.o(i.__scatterload_copy)
    __scatterload_null                       0x08004167   Thumb Code     2  handlers.o(i.__scatterload_null)
    __scatterload_zeroinit                   0x08004169   Thumb Code    14  handlers.o(i.__scatterload_zeroinit)
    fputc                                    0x08004a0d   Thumb Code    20  main.o(i.fputc)
    main                                     0x08004a25   Thumb Code  2136  main.o(i.main)
    F8X16                                    0x080052a0   Data        1520  oled.o(.constdata)
    AHBPrescTable                            0x08005898   Data          16  system_stm32f4xx.o(.constdata)
    APBPrescTable                            0x080058a8   Data           8  system_stm32f4xx.o(.constdata)
    Region$$Table$$Base                      0x080058b0   Number         0  anon$$obj.o(Region$$Table)
    Region$$Table$$Limit                     0x080058d0   Number         0  anon$$obj.o(Region$$Table)
    Hzk                                      0x20000000   Data        2240  oled.o(.data)
    gpioReadStatus                           0x200008c0   Data           1  main.o(.data)
    second                                   0x200008c4   Data           4  main.o(.data)
    taskflag1                                0x200008c8   Data           4  main.o(.data)
    task2flag                                0x200008cc   Data           4  main.o(.data)
    task3freq                                0x200008d0   Data           4  main.o(.data)
    task3duty_change                         0x200008d4   Data           4  main.o(.data)
    task3duty_flag                           0x200008d8   Data           4  main.o(.data)
    uart_task_flag1                          0x200008dc   Data           4  main.o(.data)
    duty                                     0x200008e0   Data           4  main.o(.data)
    freq                                     0x200008e4   Data           4  main.o(.data)
    pulseWidth                               0x200008e8   Data           4  main.o(.data)
    DATA                                     0x200008ec   Data           5  main.o(.data)
    m                                        0x200008f8   Data           8  main.o(.data)
    s                                        0x20000900   Data           8  main.o(.data)
    keyflag                                  0x20000908   Data           4  stm32f4xx_it.o(.data)
    keyflag2                                 0x2000090c   Data           4  stm32f4xx_it.o(.data)
    flag                                     0x20000910   Data           4  stm32f4xx_it.o(.data)
    keyflag3                                 0x20000914   Data           4  stm32f4xx_it.o(.data)
    uwTickFreq                               0x20000918   Data           1  stm32f4xx_hal.o(.data)
    uwTickPrio                               0x2000091c   Data           4  stm32f4xx_hal.o(.data)
    uwTick                                   0x20000920   Data           4  stm32f4xx_hal.o(.data)
    SystemCoreClock                          0x20000924   Data           4  system_stm32f4xx.o(.data)
    __stdout                                 0x20000928   Data           4  stdout.o(.data)
    RxBuffer                                 0x2000092c   Data          50  main.o(.bss)
    hadc1                                    0x20000960   Data          72  adc.o(.bss)
    htim1                                    0x200009a8   Data          72  tim.o(.bss)
    htim2                                    0x200009f0   Data          72  tim.o(.bss)
    htim4                                    0x20000a38   Data          72  tim.o(.bss)
    htim5                                    0x20000a80   Data          72  tim.o(.bss)
    htim9                                    0x20000ac8   Data          72  tim.o(.bss)
    huart1                                   0x20000b10   Data          68  usart.o(.bss)
    hdma_usart1_rx                           0x20000b54   Data          96  usart.o(.bss)
    hdma_usart1_tx                           0x20000bb4   Data          96  usart.o(.bss)
    __initial_sp                             0x20001018   Data           0  startup_stm32f401xc.o(STACK)



==============================================================================

Memory Map of the image

  Image Entry point : 0x08000195

  Load Region LR_IROM1 (Base: 0x08000000, Size: 0x000061fc, Max: 0x00040000, ABSOLUTE, COMPRESSED[0x00005cc4])

    Execution Region ER_IROM1 (Exec base: 0x08000000, Load base: 0x08000000, Size: 0x000058d0, Max: 0x00040000, ABSOLUTE)

    Exec Addr    Load Addr    Size         Type   Attr      Idx    E Section Name        Object

    0x08000000   0x08000000   0x00000194   Data   RO            3    RESET               startup_stm32f401xc.o
    0x08000194   0x08000194   0x00000000   Code   RO         3559  * .ARM.Collect$$$$00000000  mc_w.l(entry.o)
    0x08000194   0x08000194   0x00000004   Code   RO         3835    .ARM.Collect$$$$00000001  mc_w.l(entry2.o)
    0x08000198   0x08000198   0x00000004   Code   RO         3838    .ARM.Collect$$$$00000004  mc_w.l(entry5.o)
    0x0800019c   0x0800019c   0x00000000   Code   RO         3840    .ARM.Collect$$$$00000008  mc_w.l(entry7b.o)
    0x0800019c   0x0800019c   0x00000000   Code   RO         3842    .ARM.Collect$$$$0000000A  mc_w.l(entry8b.o)
    0x0800019c   0x0800019c   0x00000008   Code   RO         3843    .ARM.Collect$$$$0000000B  mc_w.l(entry9a.o)
    0x080001a4   0x080001a4   0x00000004   Code   RO         3850    .ARM.Collect$$$$0000000E  mc_w.l(entry12b.o)
    0x080001a8   0x080001a8   0x00000000   Code   RO         3845    .ARM.Collect$$$$0000000F  mc_w.l(entry10a.o)
    0x080001a8   0x080001a8   0x00000000   Code   RO         3847    .ARM.Collect$$$$00000011  mc_w.l(entry11a.o)
    0x080001a8   0x080001a8   0x00000004   Code   RO         3836    .ARM.Collect$$$$00002712  mc_w.l(entry2.o)
    0x080001ac   0x080001ac   0x00000024   Code   RO            4    .text               startup_stm32f401xc.o
    0x080001d0   0x080001d0   0x00000062   Code   RO         3562    .text               mc_w.l(uldiv.o)
    0x08000232   0x08000232   0x00000024   Code   RO         3564    .text               mc_w.l(memseta.o)
    0x08000256   0x08000256   0x000000de   Code   RO         3827    .text               mf_w.l(ddiv.o)
    0x08000334   0x08000334   0x00000022   Code   RO         3829    .text               mf_w.l(dflti.o)
    0x08000356   0x08000356   0x0000003e   Code   RO         3831    .text               mf_w.l(dfixi.o)
    0x08000394   0x08000394   0x00000026   Code   RO         3833    .text               mf_w.l(f2d.o)
    0x080003ba   0x080003ba   0x0000002c   Code   RO         3852    .text               mc_w.l(uidiv.o)
    0x080003e6   0x080003e6   0x0000001e   Code   RO         3854    .text               mc_w.l(llshl.o)
    0x08000404   0x08000404   0x00000020   Code   RO         3856    .text               mc_w.l(llushr.o)
    0x08000424   0x08000424   0x00000000   Code   RO         3858    .text               mc_w.l(iusefp.o)
    0x08000424   0x08000424   0x000000ba   Code   RO         3859    .text               mf_w.l(depilogue.o)
    0x080004de   0x080004de   0x0000014e   Code   RO         3861    .text               mf_w.l(dadd.o)
    0x0800062c   0x0800062c   0x000000e4   Code   RO         3863    .text               mf_w.l(dmul.o)
    0x08000710   0x08000710   0x00000030   Code   RO         3865    .text               mf_w.l(dfixul.o)
    0x08000740   0x08000740   0x00000030   Code   RO         3867    .text               mf_w.l(cdrcmple.o)
    0x08000770   0x08000770   0x00000024   Code   RO         3869    .text               mc_w.l(init.o)
    0x08000794   0x08000794   0x00000024   Code   RO         3871    .text               mc_w.l(llsshr.o)
    0x080007b8   0x080007b8   0x0000005e   Code   RO         3881    .text               mc_w.l(__dclz77c.o)
    0x08000816   0x08000816   0x00000002   PAD
    0x08000818   0x08000818   0x00000128   Code   RO          739    i.ADC_Init          stm32f4xx_hal_adc.o
    0x08000940   0x08000940   0x00000002   Code   RO          585    i.BusFault_Handler  stm32f4xx_it.o
    0x08000942   0x08000942   0x00000002   PAD
    0x08000944   0x08000944   0x0000000c   Code   RO          586    i.DMA2_Stream2_IRQHandler  stm32f4xx_it.o
    0x08000950   0x08000950   0x0000000c   Code   RO          587    i.DMA2_Stream7_IRQHandler  stm32f4xx_it.o
    0x0800095c   0x0800095c   0x00000028   Code   RO         1497    i.DMA_CalcBaseAndBitshift  stm32f4xx_hal_dma.o
    0x08000984   0x08000984   0x00000054   Code   RO         1498    i.DMA_CheckFifoParam  stm32f4xx_hal_dma.o
    0x080009d8   0x080009d8   0x00000028   Code   RO         1499    i.DMA_SetConfig     stm32f4xx_hal_dma.o
    0x08000a00   0x08000a00   0x00000002   Code   RO          588    i.DebugMon_Handler  stm32f4xx_it.o
    0x08000a02   0x08000a02   0x00000026   Code   RO          589    i.EXTI15_10_IRQHandler  stm32f4xx_it.o
    0x08000a28   0x08000a28   0x00000024   Code   RO          590    i.EXTI1_IRQHandler  stm32f4xx_it.o
    0x08000a4c   0x08000a4c   0x00000030   Code   RO          591    i.EXTI9_5_IRQHandler  stm32f4xx_it.o
    0x08000a7c   0x08000a7c   0x00000004   Code   RO          280    i.Error_Handler     main.o
    0x08000a80   0x08000a80   0x0000014c   Code   RO          741    i.HAL_ADC_ConfigChannel  stm32f4xx_hal_adc.o
    0x08000bcc   0x08000bcc   0x00000006   Code   RO          748    i.HAL_ADC_GetValue  stm32f4xx_hal_adc.o
    0x08000bd2   0x08000bd2   0x00000054   Code   RO          750    i.HAL_ADC_Init      stm32f4xx_hal_adc.o
    0x08000c26   0x08000c26   0x00000002   PAD
    0x08000c28   0x08000c28   0x00000060   Code   RO          406    i.HAL_ADC_MspInit   adc.o
    0x08000c88   0x08000c88   0x000000aa   Code   RO          754    i.HAL_ADC_PollForConversion  stm32f4xx_hal_adc.o
    0x08000d32   0x08000d32   0x00000002   PAD
    0x08000d34   0x08000d34   0x000000cc   Code   RO          756    i.HAL_ADC_Start     stm32f4xx_hal_adc.o
    0x08000e00   0x08000e00   0x0000003c   Code   RO          759    i.HAL_ADC_Stop      stm32f4xx_hal_adc.o
    0x08000e3c   0x08000e3c   0x00000092   Code   RO         1500    i.HAL_DMA_Abort     stm32f4xx_hal_dma.o
    0x08000ece   0x08000ece   0x00000024   Code   RO         1501    i.HAL_DMA_Abort_IT  stm32f4xx_hal_dma.o
    0x08000ef2   0x08000ef2   0x00000002   PAD
    0x08000ef4   0x08000ef4   0x000001a0   Code   RO         1505    i.HAL_DMA_IRQHandler  stm32f4xx_hal_dma.o
    0x08001094   0x08001094   0x000000d4   Code   RO         1506    i.HAL_DMA_Init      stm32f4xx_hal_dma.o
    0x08001168   0x08001168   0x0000006e   Code   RO         1510    i.HAL_DMA_Start_IT  stm32f4xx_hal_dma.o
    0x080011d6   0x080011d6   0x00000002   PAD
    0x080011d8   0x080011d8   0x00000024   Code   RO         1943    i.HAL_Delay         stm32f4xx_hal.o
    0x080011fc   0x080011fc   0x00000002   Code   RO         1391    i.HAL_GPIO_EXTI_Callback  stm32f4xx_hal_gpio.o
    0x080011fe   0x080011fe   0x00000002   PAD
    0x08001200   0x08001200   0x00000018   Code   RO         1392    i.HAL_GPIO_EXTI_IRQHandler  stm32f4xx_hal_gpio.o
    0x08001218   0x08001218   0x000001e0   Code   RO         1393    i.HAL_GPIO_Init     stm32f4xx_hal_gpio.o
    0x080013f8   0x080013f8   0x0000000a   Code   RO         1395    i.HAL_GPIO_ReadPin  stm32f4xx_hal_gpio.o
    0x08001402   0x08001402   0x00000010   Code   RO         1396    i.HAL_GPIO_TogglePin  stm32f4xx_hal_gpio.o
    0x08001412   0x08001412   0x0000000a   Code   RO         1397    i.HAL_GPIO_WritePin  stm32f4xx_hal_gpio.o
    0x0800141c   0x0800141c   0x0000000c   Code   RO         1949    i.HAL_GetTick       stm32f4xx_hal.o
    0x08001428   0x08001428   0x00000010   Code   RO         1955    i.HAL_IncTick       stm32f4xx_hal.o
    0x08001438   0x08001438   0x00000034   Code   RO         1956    i.HAL_Init          stm32f4xx_hal.o
    0x0800146c   0x0800146c   0x00000040   Code   RO         1957    i.HAL_InitTick      stm32f4xx_hal.o
    0x080014ac   0x080014ac   0x00000030   Code   RO          712    i.HAL_MspInit       stm32f4xx_hal_msp.o
    0x080014dc   0x080014dc   0x0000001a   Code   RO         1806    i.HAL_NVIC_EnableIRQ  stm32f4xx_hal_cortex.o
    0x080014f6   0x080014f6   0x00000002   PAD
    0x080014f8   0x080014f8   0x00000040   Code   RO         1812    i.HAL_NVIC_SetPriority  stm32f4xx_hal_cortex.o
    0x08001538   0x08001538   0x00000024   Code   RO         1813    i.HAL_NVIC_SetPriorityGrouping  stm32f4xx_hal_cortex.o
    0x0800155c   0x0800155c   0x00000134   Code   RO         1015    i.HAL_RCC_ClockConfig  stm32f4xx_hal_rcc.o
    0x08001690   0x08001690   0x00000020   Code   RO         1022    i.HAL_RCC_GetPCLK1Freq  stm32f4xx_hal_rcc.o
    0x080016b0   0x080016b0   0x00000020   Code   RO         1023    i.HAL_RCC_GetPCLK2Freq  stm32f4xx_hal_rcc.o
    0x080016d0   0x080016d0   0x00000064   Code   RO         1024    i.HAL_RCC_GetSysClockFreq  stm32f4xx_hal_rcc.o
    0x08001734   0x08001734   0x0000036c   Code   RO         1027    i.HAL_RCC_OscConfig  stm32f4xx_hal_rcc.o
    0x08001aa0   0x08001aa0   0x00000028   Code   RO         1817    i.HAL_SYSTICK_Config  stm32f4xx_hal_cortex.o
    0x08001ac8   0x08001ac8   0x00000002   Code   RO         2900    i.HAL_TIMEx_BreakCallback  stm32f4xx_hal_tim_ex.o
    0x08001aca   0x08001aca   0x00000002   Code   RO         2901    i.HAL_TIMEx_CommutCallback  stm32f4xx_hal_tim_ex.o
    0x08001acc   0x08001acc   0x00000054   Code   RO         2903    i.HAL_TIMEx_ConfigBreakDeadTime  stm32f4xx_hal_tim_ex.o
    0x08001b20   0x08001b20   0x0000007c   Code   RO         2919    i.HAL_TIMEx_MasterConfigSynchronization  stm32f4xx_hal_tim_ex.o
    0x08001b9c   0x08001b9c   0x0000005a   Code   RO         2196    i.HAL_TIM_Base_Init  stm32f4xx_hal_tim.o
    0x08001bf6   0x08001bf6   0x00000002   PAD
    0x08001bf8   0x08001bf8   0x000000ec   Code   RO          472    i.HAL_TIM_Base_MspInit  tim.o
    0x08001ce4   0x08001ce4   0x0000006c   Code   RO         2201    i.HAL_TIM_Base_Start_IT  stm32f4xx_hal_tim.o
    0x08001d50   0x08001d50   0x000000dc   Code   RO         2205    i.HAL_TIM_ConfigClockSource  stm32f4xx_hal_tim.o
    0x08001e2c   0x08001e2c   0x00000070   Code   RO          281    i.HAL_TIM_IC_CaptureCallback  main.o
    0x08001e9c   0x08001e9c   0x0000011e   Code   RO         2232    i.HAL_TIM_IC_ConfigChannel  stm32f4xx_hal_tim.o
    0x08001fba   0x08001fba   0x0000005a   Code   RO         2235    i.HAL_TIM_IC_Init   stm32f4xx_hal_tim.o
    0x08002014   0x08002014   0x00000002   Code   RO         2237    i.HAL_TIM_IC_MspInit  stm32f4xx_hal_tim.o
    0x08002016   0x08002016   0x00000002   PAD
    0x08002018   0x08002018   0x000000f8   Code   RO         2240    i.HAL_TIM_IC_Start_IT  stm32f4xx_hal_tim.o
    0x08002110   0x08002110   0x00000166   Code   RO         2244    i.HAL_TIM_IRQHandler  stm32f4xx_hal_tim.o
    0x08002276   0x08002276   0x00000002   PAD
    0x08002278   0x08002278   0x000000ac   Code   RO          473    i.HAL_TIM_MspPostInit  tim.o
    0x08002324   0x08002324   0x00000002   Code   RO         2247    i.HAL_TIM_OC_DelayElapsedCallback  stm32f4xx_hal_tim.o
    0x08002326   0x08002326   0x000000cc   Code   RO         2268    i.HAL_TIM_PWM_ConfigChannel  stm32f4xx_hal_tim.o
    0x080023f2   0x080023f2   0x0000005a   Code   RO         2271    i.HAL_TIM_PWM_Init  stm32f4xx_hal_tim.o
    0x0800244c   0x0800244c   0x00000002   Code   RO         2273    i.HAL_TIM_PWM_MspInit  stm32f4xx_hal_tim.o
    0x0800244e   0x0800244e   0x00000002   Code   RO         2274    i.HAL_TIM_PWM_PulseFinishedCallback  stm32f4xx_hal_tim.o
    0x08002450   0x08002450   0x000000b0   Code   RO         2276    i.HAL_TIM_PWM_Start  stm32f4xx_hal_tim.o
    0x08002500   0x08002500   0x00000018   Code   RO          282    i.HAL_TIM_PeriodElapsedCallback  main.o
    0x08002518   0x08002518   0x00000056   Code   RO         2285    i.HAL_TIM_SlaveConfigSynchro  stm32f4xx_hal_tim.o
    0x0800256e   0x0800256e   0x00000002   Code   RO         2287    i.HAL_TIM_TriggerCallback  stm32f4xx_hal_tim.o
    0x08002570   0x08002570   0x00000056   Code   RO         3176    i.HAL_UARTEx_ReceiveToIdle_DMA  stm32f4xx_hal_uart.o
    0x080025c6   0x080025c6   0x00000002   PAD
    0x080025c8   0x080025c8   0x00000134   Code   RO          283    i.HAL_UARTEx_RxEventCallback  main.o
    0x080026fc   0x080026fc   0x00000002   Code   RO         3192    i.HAL_UART_ErrorCallback  stm32f4xx_hal_uart.o
    0x080026fe   0x080026fe   0x00000002   PAD
    0x08002700   0x08002700   0x00000268   Code   RO         3195    i.HAL_UART_IRQHandler  stm32f4xx_hal_uart.o
    0x08002968   0x08002968   0x00000062   Code   RO         3196    i.HAL_UART_Init     stm32f4xx_hal_uart.o
    0x080029ca   0x080029ca   0x00000002   PAD
    0x080029cc   0x080029cc   0x000000e8   Code   RO          544    i.HAL_UART_MspInit  usart.o
    0x08002ab4   0x08002ab4   0x0000002a   Code   RO         3200    i.HAL_UART_Receive_DMA  stm32f4xx_hal_uart.o
    0x08002ade   0x08002ade   0x00000002   PAD
    0x08002ae0   0x08002ae0   0x00000040   Code   RO          284    i.HAL_UART_RxCpltCallback  main.o
    0x08002b20   0x08002b20   0x00000002   Code   RO         3203    i.HAL_UART_RxHalfCpltCallback  stm32f4xx_hal_uart.o
    0x08002b22   0x08002b22   0x00000002   PAD
    0x08002b24   0x08002b24   0x000000b2   Code   RO         3204    i.HAL_UART_Transmit  stm32f4xx_hal_uart.o
    0x08002bd6   0x08002bd6   0x0000003e   Code   RO         3206    i.HAL_UART_Transmit_IT  stm32f4xx_hal_uart.o
    0x08002c14   0x08002c14   0x00000002   Code   RO         3207    i.HAL_UART_TxCpltCallback  stm32f4xx_hal_uart.o
    0x08002c16   0x08002c16   0x00000002   Code   RO          592    i.HardFault_Handler  stm32f4xx_it.o
    0x08002c18   0x08002c18   0x00000288   Code   RO          285    i.Key_Scan          main.o
    0x08002ea0   0x08002ea0   0x0000008c   Code   RO          407    i.MX_ADC1_Init      adc.o
    0x08002f2c   0x08002f2c   0x0000003c   Code   RO          447    i.MX_DMA_Init       dma.o
    0x08002f68   0x08002f68   0x0000017c   Code   RO          381    i.MX_GPIO_Init      gpio.o
    0x080030e4   0x080030e4   0x000000c8   Code   RO          474    i.MX_TIM1_Init      tim.o
    0x080031ac   0x080031ac   0x000000c8   Code   RO          475    i.MX_TIM2_Init      tim.o
    0x08003274   0x08003274   0x000000b8   Code   RO          476    i.MX_TIM4_Init      tim.o
    0x0800332c   0x0800332c   0x0000009c   Code   RO          477    i.MX_TIM5_Init      tim.o
    0x080033c8   0x080033c8   0x0000004c   Code   RO          478    i.MX_TIM9_Init      tim.o
    0x08003414   0x08003414   0x00000038   Code   RO          545    i.MX_USART1_UART_Init  usart.o
    0x0800344c   0x0800344c   0x00000002   Code   RO          593    i.MemManage_Handler  stm32f4xx_it.o
    0x0800344e   0x0800344e   0x00000002   Code   RO          594    i.NMI_Handler       stm32f4xx_it.o
    0x08003450   0x08003450   0x0000003c   Code   RO           13    i.OLED_Clear        oled.o
    0x0800348c   0x0800348c   0x0000012c   Code   RO           18    i.OLED_Init         oled.o
    0x080035b8   0x080035b8   0x0000002c   Code   RO           19    i.OLED_Set_Pos      oled.o
    0x080035e4   0x080035e4   0x00000050   Code   RO           20    i.OLED_ShowCHinese  oled.o
    0x08003634   0x08003634   0x00000064   Code   RO           21    i.OLED_ShowChar     oled.o
    0x08003698   0x08003698   0x00000032   Code   RO           23    i.OLED_ShowString   oled.o
    0x080036ca   0x080036ca   0x00000002   PAD
    0x080036cc   0x080036cc   0x0000004c   Code   RO           25    i.OLED_Show_float   oled.o
    0x08003718   0x08003718   0x00000030   Code   RO           26    i.OLED_Show_int     oled.o
    0x08003748   0x08003748   0x0000007c   Code   RO           27    i.OLED_WR_Byte      oled.o
    0x080037c4   0x080037c4   0x00000002   Code   RO          595    i.PendSV_Handler    stm32f4xx_it.o
    0x080037c6   0x080037c6   0x00000002   Code   RO          596    i.SVC_Handler       stm32f4xx_it.o
    0x080037c8   0x080037c8   0x00000064   Code   RO          286    i.SendIlluminanceData  main.o
    0x0800382c   0x0800382c   0x00000004   Code   RO          597    i.SysTick_Handler   stm32f4xx_it.o
    0x08003830   0x08003830   0x00000094   Code   RO          287    i.SystemClock_Config  main.o
    0x080038c4   0x080038c4   0x00000010   Code   RO         3525    i.SystemInit        system_stm32f4xx.o
    0x080038d4   0x080038d4   0x0000000c   Code   RO          598    i.TIM2_IRQHandler   stm32f4xx_it.o
    0x080038e0   0x080038e0   0x0000000c   Code   RO          599    i.TIM4_IRQHandler   stm32f4xx_it.o
    0x080038ec   0x080038ec   0x00000098   Code   RO         2289    i.TIM_Base_SetConfig  stm32f4xx_hal_tim.o
    0x08003984   0x08003984   0x0000001a   Code   RO         2290    i.TIM_CCxChannelCmd  stm32f4xx_hal_tim.o
    0x0800399e   0x0800399e   0x00000014   Code   RO         2300    i.TIM_ETR_SetConfig  stm32f4xx_hal_tim.o
    0x080039b2   0x080039b2   0x00000010   Code   RO         2301    i.TIM_ITRx_SetConfig  stm32f4xx_hal_tim.o
    0x080039c2   0x080039c2   0x00000002   PAD
    0x080039c4   0x080039c4   0x00000050   Code   RO         2302    i.TIM_OC1_SetConfig  stm32f4xx_hal_tim.o
    0x08003a14   0x08003a14   0x00000058   Code   RO         2303    i.TIM_OC2_SetConfig  stm32f4xx_hal_tim.o
    0x08003a6c   0x08003a6c   0x00000058   Code   RO         2304    i.TIM_OC3_SetConfig  stm32f4xx_hal_tim.o
    0x08003ac4   0x08003ac4   0x00000044   Code   RO         2305    i.TIM_OC4_SetConfig  stm32f4xx_hal_tim.o
    0x08003b08   0x08003b08   0x0000008c   Code   RO         2306    i.TIM_SlaveTimer_SetConfig  stm32f4xx_hal_tim.o
    0x08003b94   0x08003b94   0x00000022   Code   RO         2307    i.TIM_TI1_ConfigInputStage  stm32f4xx_hal_tim.o
    0x08003bb6   0x08003bb6   0x00000002   PAD
    0x08003bb8   0x08003bb8   0x0000006c   Code   RO         2308    i.TIM_TI1_SetConfig  stm32f4xx_hal_tim.o
    0x08003c24   0x08003c24   0x00000024   Code   RO         2309    i.TIM_TI2_ConfigInputStage  stm32f4xx_hal_tim.o
    0x08003c48   0x08003c48   0x00000036   Code   RO         2310    i.TIM_TI2_SetConfig  stm32f4xx_hal_tim.o
    0x08003c7e   0x08003c7e   0x00000002   PAD
    0x08003c80   0x08003c80   0x00000028   Code   RO          288    i.Trig              main.o
    0x08003ca8   0x08003ca8   0x00000010   Code   RO         3209    i.UART_DMAAbortOnError  stm32f4xx_hal_uart.o
    0x08003cb8   0x08003cb8   0x0000004a   Code   RO         3210    i.UART_DMAError     stm32f4xx_hal_uart.o
    0x08003d02   0x08003d02   0x00000082   Code   RO         3211    i.UART_DMAReceiveCplt  stm32f4xx_hal_uart.o
    0x08003d84   0x08003d84   0x0000001a   Code   RO         3213    i.UART_DMARxHalfCplt  stm32f4xx_hal_uart.o
    0x08003d9e   0x08003d9e   0x0000004e   Code   RO         3219    i.UART_EndRxTransfer  stm32f4xx_hal_uart.o
    0x08003dec   0x08003dec   0x0000001c   Code   RO         3220    i.UART_EndTxTransfer  stm32f4xx_hal_uart.o
    0x08003e08   0x08003e08   0x000000c0   Code   RO         3221    i.UART_Receive_IT   stm32f4xx_hal_uart.o
    0x08003ec8   0x08003ec8   0x0000010c   Code   RO         3222    i.UART_SetConfig    stm32f4xx_hal_uart.o
    0x08003fd4   0x08003fd4   0x00000094   Code   RO         3223    i.UART_Start_Receive_DMA  stm32f4xx_hal_uart.o
    0x08004068   0x08004068   0x00000078   Code   RO         3225    i.UART_WaitOnFlagUntilTimeout  stm32f4xx_hal_uart.o
    0x080040e0   0x080040e0   0x0000000c   Code   RO          600    i.USART1_IRQHandler  stm32f4xx_it.o
    0x080040ec   0x080040ec   0x00000002   Code   RO          601    i.UsageFault_Handler  stm32f4xx_it.o
    0x080040ee   0x080040ee   0x00000002   PAD
    0x080040f0   0x080040f0   0x00000020   Code   RO         3799    i.__0printf         mc_w.l(printfa.o)
    0x08004110   0x08004110   0x00000028   Code   RO         3801    i.__0sprintf        mc_w.l(printfa.o)
    0x08004138   0x08004138   0x00000020   Code   RO         1819    i.__NVIC_SetPriority  stm32f4xx_hal_cortex.o
    0x08004158   0x08004158   0x0000000e   Code   RO         3875    i.__scatterload_copy  mc_w.l(handlers.o)
    0x08004166   0x08004166   0x00000002   Code   RO         3876    i.__scatterload_null  mc_w.l(handlers.o)
    0x08004168   0x08004168   0x0000000e   Code   RO         3877    i.__scatterload_zeroinit  mc_w.l(handlers.o)
    0x08004176   0x08004176   0x00000002   PAD
    0x08004178   0x08004178   0x00000184   Code   RO         3806    i._fp_digits        mc_w.l(printfa.o)
    0x080042fc   0x080042fc   0x000006b4   Code   RO         3807    i._printf_core      mc_w.l(printfa.o)
    0x080049b0   0x080049b0   0x00000024   Code   RO         3808    i._printf_post_padding  mc_w.l(printfa.o)
    0x080049d4   0x080049d4   0x0000002e   Code   RO         3809    i._printf_pre_padding  mc_w.l(printfa.o)
    0x08004a02   0x08004a02   0x0000000a   Code   RO         3811    i._sputc            mc_w.l(printfa.o)
    0x08004a0c   0x08004a0c   0x00000018   Code   RO          289    i.fputc             main.o
    0x08004a24   0x08004a24   0x0000087c   Code   RO          290    i.main              main.o
    0x080052a0   0x080052a0   0x000005f0   Data   RO           30    .constdata          oled.o
    0x08005890   0x08005890   0x00000008   Data   RO         1512    .constdata          stm32f4xx_hal_dma.o
    0x08005898   0x08005898   0x00000010   Data   RO         3526    .constdata          system_stm32f4xx.o
    0x080058a8   0x080058a8   0x00000008   Data   RO         3527    .constdata          system_stm32f4xx.o
    0x080058b0   0x080058b0   0x00000020   Data   RO         3873    Region$$Table       anon$$obj.o


    Execution Region RW_IRAM1 (Exec base: 0x20000000, Load base: 0x080058d0, Size: 0x00001018, Max: 0x00010000, ABSOLUTE, COMPRESSED[0x000003f4])

    Exec Addr    Load Addr    Size         Type   Attr      Idx    E Section Name        Object

    0x20000000   COMPRESSED   0x000008c0   Data   RW           31    .data               oled.o
    0x200008c0   COMPRESSED   0x00000048   Data   RW          292    .data               main.o
    0x20000908   COMPRESSED   0x00000010   Data   RW          602    .data               stm32f4xx_it.o
    0x20000918   COMPRESSED   0x0000000c   Data   RW         1963    .data               stm32f4xx_hal.o
    0x20000924   COMPRESSED   0x00000004   Data   RW         3528    .data               system_stm32f4xx.o
    0x20000928   COMPRESSED   0x00000004   Data   RW         3851    .data               mc_w.l(stdout.o)
    0x2000092c        -       0x00000032   Zero   RW          291    .bss                main.o
    0x2000095e   COMPRESSED   0x00000002   PAD
    0x20000960        -       0x00000048   Zero   RW          408    .bss                adc.o
    0x200009a8        -       0x00000168   Zero   RW          479    .bss                tim.o
    0x20000b10        -       0x00000104   Zero   RW          546    .bss                usart.o
    0x20000c14   COMPRESSED   0x00000004   PAD
    0x20000c18        -       0x00000400   Zero   RW            1    STACK               startup_stm32f401xc.o


==============================================================================

Image component sizes


      Code (inc. data)   RO Data    RW Data    ZI Data      Debug   Object Name

       236         24          0          0         72       1773   adc.o
        60          4          0          0          0        802   dma.o
       380         18          0          0          0       1091   gpio.o
      3644        320          0         72         50       9984   main.o
       882         42       1520       2240          0     439568   oled.o
        36          8        404          0       1024        840   startup_stm32f401xc.o
       180         28          0         12          0       9345   stm32f4xx_hal.o
      1152         44          0          0          0       5961   stm32f4xx_hal_adc.o
       198         14          0          0          0      33999   stm32f4xx_hal_cortex.o
      1084         16          8          0          0       7430   stm32f4xx_hal_dma.o
       542         40          0          0          0       4708   stm32f4xx_hal_gpio.o
        48          6          0          0          0        874   stm32f4xx_hal_msp.o
      1348         76          0          0          0       5288   stm32f4xx_hal_rcc.o
      2876        138          0          0          0      23206   stm32f4xx_hal_tim.o
       212         20          0          0          0       3317   stm32f4xx_hal_tim_ex.o
      2168         30          0          0          0      16029   stm32f4xx_hal_uart.o
       202         50          0         16          0       8606   stm32f4xx_it.o
        16          4         24          4          0       1151   system_stm32f4xx.o
      1224         90          0          0        360       5828   tim.o
       288         30          0          0        260       1940   usart.o

    ----------------------------------------------------------------------
     16816       1002       1988       2344       1772     581740   Object Totals
         0          0         32          0          0          0   (incl. Generated)
        40          0          0          0          6          0   (incl. Padding)

    ----------------------------------------------------------------------

      Code (inc. data)   RO Data    RW Data    ZI Data      Debug   Library Member Name

        94          0          0          0          0          0   __dclz77c.o
         0          0          0          0          0          0   entry.o
         0          0          0          0          0          0   entry10a.o
         0          0          0          0          0          0   entry11a.o
         4          0          0          0          0          0   entry12b.o
         8          4          0          0          0          0   entry2.o
         4          0          0          0          0          0   entry5.o
         0          0          0          0          0          0   entry7b.o
         0          0          0          0          0          0   entry8b.o
         8          4          0          0          0          0   entry9a.o
        30          0          0          0          0          0   handlers.o
        36          8          0          0          0         68   init.o
         0          0          0          0          0          0   iusefp.o
        30          0          0          0          0         68   llshl.o
        36          0          0          0          0         68   llsshr.o
        32          0          0          0          0         68   llushr.o
        36          0          0          0          0        108   memseta.o
      2268         96          0          0          0        616   printfa.o
         0          0          0          4          0          0   stdout.o
        44          0          0          0          0         80   uidiv.o
        98          0          0          0          0         92   uldiv.o
        48          0          0          0          0         68   cdrcmple.o
       334          0          0          0          0        148   dadd.o
       222          0          0          0          0        100   ddiv.o
       186          0          0          0          0        176   depilogue.o
        62          0          0          0          0         80   dfixi.o
        48          0          0          0          0         68   dfixul.o
        34          0          0          0          0         76   dflti.o
       228          0          0          0          0         96   dmul.o
        38          0          0          0          0         68   f2d.o

    ----------------------------------------------------------------------
      3932        112          0          4          0       2048   Library Totals
         4          0          0          0          0          0   (incl. Padding)

    ----------------------------------------------------------------------

      Code (inc. data)   RO Data    RW Data    ZI Data      Debug   Library Name

      2728        112          0          4          0       1168   mc_w.l
      1200          0          0          0          0        880   mf_w.l

    ----------------------------------------------------------------------
      3932        112          0          4          0       2048   Library Totals

    ----------------------------------------------------------------------

==============================================================================


      Code (inc. data)   RO Data    RW Data    ZI Data      Debug   

     20748       1114       1988       2348       1772     569932   Grand Totals
     20748       1114       1988       1012       1772     569932   ELF Image Totals (compressed)
     20748       1114       1988       1012          0          0   ROM Totals

==============================================================================

    Total RO  Size (Code + RO Data)                22736 (  22.20kB)
    Total RW  Size (RW Data + ZI Data)              4120 (   4.02kB)
    Total ROM Size (Code + RO Data + RW Data)      23748 (  23.19kB)

==============================================================================

